Archive member included because of file (symbol)

/usr/local/gcc-arm-none-eabi-4_9-2014q4/bin/../lib/gcc/arm-none-eabi/4.9.3/../../../../arm-none-eabi/lib/armv7e-m/fpu/libg.a(lib_a-exit.o)
                              /usr/local/gcc-arm-none-eabi-4_9-2014q4/bin/../lib/gcc/arm-none-eabi/4.9.3/../../../../arm-none-eabi/lib/armv7e-m/fpu/crt0.o (exit)
/usr/local/gcc-arm-none-eabi-4_9-2014q4/bin/../lib/gcc/arm-none-eabi/4.9.3/../../../../arm-none-eabi/lib/armv7e-m/fpu/libg.a(lib_a-fflush.o)
                              ./src/main.o (fflush)
/usr/local/gcc-arm-none-eabi-4_9-2014q4/bin/../lib/gcc/arm-none-eabi/4.9.3/../../../../arm-none-eabi/lib/armv7e-m/fpu/libg.a(lib_a-findfp.o)
                              /usr/local/gcc-arm-none-eabi-4_9-2014q4/bin/../lib/gcc/arm-none-eabi/4.9.3/../../../../arm-none-eabi/lib/armv7e-m/fpu/libg.a(lib_a-fflush.o) (__sinit)
/usr/local/gcc-arm-none-eabi-4_9-2014q4/bin/../lib/gcc/arm-none-eabi/4.9.3/../../../../arm-none-eabi/lib/armv7e-m/fpu/libg.a(lib_a-freer.o)
                              /usr/local/gcc-arm-none-eabi-4_9-2014q4/bin/../lib/gcc/arm-none-eabi/4.9.3/../../../../arm-none-eabi/lib/armv7e-m/fpu/libg.a(lib_a-fflush.o) (_free_r)
/usr/local/gcc-arm-none-eabi-4_9-2014q4/bin/../lib/gcc/arm-none-eabi/4.9.3/../../../../arm-none-eabi/lib/armv7e-m/fpu/libg.a(lib_a-fwalk.o)
                              /usr/local/gcc-arm-none-eabi-4_9-2014q4/bin/../lib/gcc/arm-none-eabi/4.9.3/../../../../arm-none-eabi/lib/armv7e-m/fpu/libg.a(lib_a-findfp.o) (_fwalk)
/usr/local/gcc-arm-none-eabi-4_9-2014q4/bin/../lib/gcc/arm-none-eabi/4.9.3/../../../../arm-none-eabi/lib/armv7e-m/fpu/libg.a(lib_a-impure.o)
                              /usr/local/gcc-arm-none-eabi-4_9-2014q4/bin/../lib/gcc/arm-none-eabi/4.9.3/../../../../arm-none-eabi/lib/armv7e-m/fpu/libg.a(lib_a-exit.o) (_global_impure_ptr)
/usr/local/gcc-arm-none-eabi-4_9-2014q4/bin/../lib/gcc/arm-none-eabi/4.9.3/../../../../arm-none-eabi/lib/armv7e-m/fpu/libg.a(lib_a-init.o)
                              /usr/local/gcc-arm-none-eabi-4_9-2014q4/bin/../lib/gcc/arm-none-eabi/4.9.3/../../../../arm-none-eabi/lib/armv7e-m/fpu/crt0.o (__libc_init_array)
/usr/local/gcc-arm-none-eabi-4_9-2014q4/bin/../lib/gcc/arm-none-eabi/4.9.3/../../../../arm-none-eabi/lib/armv7e-m/fpu/libg.a(lib_a-mallocr.o)
                              /usr/local/gcc-arm-none-eabi-4_9-2014q4/bin/../lib/gcc/arm-none-eabi/4.9.3/../../../../arm-none-eabi/lib/armv7e-m/fpu/libg.a(lib_a-findfp.o) (_malloc_r)
/usr/local/gcc-arm-none-eabi-4_9-2014q4/bin/../lib/gcc/arm-none-eabi/4.9.3/../../../../arm-none-eabi/lib/armv7e-m/fpu/libg.a(lib_a-memcpy.o)
                              ./src/stm32f4xx_it.o (memcpy)
/usr/local/gcc-arm-none-eabi-4_9-2014q4/bin/../lib/gcc/arm-none-eabi/4.9.3/../../../../arm-none-eabi/lib/armv7e-m/fpu/libg.a(lib_a-memset.o)
                              /usr/local/gcc-arm-none-eabi-4_9-2014q4/bin/../lib/gcc/arm-none-eabi/4.9.3/../../../../arm-none-eabi/lib/armv7e-m/fpu/crt0.o (memset)
/usr/local/gcc-arm-none-eabi-4_9-2014q4/bin/../lib/gcc/arm-none-eabi/4.9.3/../../../../arm-none-eabi/lib/armv7e-m/fpu/libg.a(lib_a-mlock.o)
                              /usr/local/gcc-arm-none-eabi-4_9-2014q4/bin/../lib/gcc/arm-none-eabi/4.9.3/../../../../arm-none-eabi/lib/armv7e-m/fpu/libg.a(lib_a-freer.o) (__malloc_lock)
/usr/local/gcc-arm-none-eabi-4_9-2014q4/bin/../lib/gcc/arm-none-eabi/4.9.3/../../../../arm-none-eabi/lib/armv7e-m/fpu/libg.a(lib_a-printf.o)
                              ./src/main.o (printf)
/usr/local/gcc-arm-none-eabi-4_9-2014q4/bin/../lib/gcc/arm-none-eabi/4.9.3/../../../../arm-none-eabi/lib/armv7e-m/fpu/libg.a(lib_a-reent.o)
                              ./src/syscalls.o (errno)
/usr/local/gcc-arm-none-eabi-4_9-2014q4/bin/../lib/gcc/arm-none-eabi/4.9.3/../../../../arm-none-eabi/lib/armv7e-m/fpu/libg.a(lib_a-sbrkr.o)
                              /usr/local/gcc-arm-none-eabi-4_9-2014q4/bin/../lib/gcc/arm-none-eabi/4.9.3/../../../../arm-none-eabi/lib/armv7e-m/fpu/libg.a(lib_a-freer.o) (_sbrk_r)
/usr/local/gcc-arm-none-eabi-4_9-2014q4/bin/../lib/gcc/arm-none-eabi/4.9.3/../../../../arm-none-eabi/lib/armv7e-m/fpu/libg.a(lib_a-sscanf.o)
                              ./src/main.o (sscanf)
/usr/local/gcc-arm-none-eabi-4_9-2014q4/bin/../lib/gcc/arm-none-eabi/4.9.3/../../../../arm-none-eabi/lib/armv7e-m/fpu/libg.a(lib_a-stdio.o)
                              /usr/local/gcc-arm-none-eabi-4_9-2014q4/bin/../lib/gcc/arm-none-eabi/4.9.3/../../../../arm-none-eabi/lib/armv7e-m/fpu/libg.a(lib_a-findfp.o) (__sread)
/usr/local/gcc-arm-none-eabi-4_9-2014q4/bin/../lib/gcc/arm-none-eabi/4.9.3/../../../../arm-none-eabi/lib/armv7e-m/fpu/libg.a(lib_a-strlen.o)
                              /usr/local/gcc-arm-none-eabi-4_9-2014q4/bin/../lib/gcc/arm-none-eabi/4.9.3/../../../../arm-none-eabi/lib/armv7e-m/fpu/libg.a(lib_a-sscanf.o) (strlen)
/usr/local/gcc-arm-none-eabi-4_9-2014q4/bin/../lib/gcc/arm-none-eabi/4.9.3/../../../../arm-none-eabi/lib/armv7e-m/fpu/libg.a(lib_a-svfscanf.o)
[...]
Memory Configuration

Name             Origin             Length             Attributes
RAM              0x20000000         0x00020000         xrw
CCMRAM           0x10000000         0x00010000         xrw
FLASH            0x08000000         0x00100000         xr
FLASHB1          0x00000000         0x00000000         xr
EXTMEMB0         0x00000000         0x00000000         xr
EXTMEMB1         0x00000000         0x00000000         xr
EXTMEMB2         0x00000000         0x00000000         xr
EXTMEMB3         0x00000000         0x00000000         xr
MEMORY_ARRAY     0x20002000         0x00000020         xrw
*default*        0x00000000         0xffffffff

Linker script and memory map

LOAD /usr/local/gcc-arm-none-eabi-4_9-2014q4/bin/../lib/gcc/arm-none-eabi/4.9.3/armv7e-m/fpu/crti.o
LOAD /usr/local/gcc-arm-none-eabi-4_9-2014q4/bin/../lib/gcc/arm-none-eabi/4.9.3/armv7e-m/fpu/crtbegin.o
LOAD /usr/local/gcc-arm-none-eabi-4_9-2014q4/bin/../lib/gcc/arm-none-eabi/4.9.3/../../../../arm-none-eabi/lib/armv7e-m/fpu/crt0.o
LOAD ./src/buffer.o
LOAD ./src/cmd.o
LOAD ./src/main.o
LOAD ./src/startup_stm32f4xx.o
LOAD ./src/stm32f4_discovery.o
LOAD ./src/stm32f4xx_it.o
LOAD ./src/syscalls.o
LOAD ./src/system_stm32f4xx.o
LOAD ./src/usart.o
LOAD ./lib/src/misc.o
LOAD ./lib/src/stm32f4xx_adc.o
LOAD ./lib/src/stm32f4xx_can.o
LOAD ./lib/src/stm32f4xx_crc.o
LOAD ./lib/src/stm32f4xx_cryp.o
LOAD ./lib/src/stm32f4xx_cryp_aes.o
LOAD ./lib/src/stm32f4xx_cryp_des.o
LOAD ./lib/src/stm32f4xx_cryp_tdes.o
LOAD ./lib/src/stm32f4xx_dac.o
LOAD ./lib/src/stm32f4xx_dbgmcu.o
LOAD ./lib/src/stm32f4xx_dcmi.o
LOAD ./lib/src/stm32f4xx_dma.o
LOAD ./lib/src/stm32f4xx_dma2d.o
LOAD ./lib/src/stm32f4xx_exti.o
LOAD ./lib/src/stm32f4xx_flash.o
LOAD ./lib/src/stm32f4xx_flash_ramfunc.o
LOAD ./lib/src/stm32f4xx_fsmc.o
LOAD ./lib/src/stm32f4xx_gpio.o
LOAD ./lib/src/stm32f4xx_hash.o
LOAD ./lib/src/stm32f4xx_hash_md5.o
LOAD ./lib/src/stm32f4xx_hash_sha1.o
LOAD ./lib/src/stm32f4xx_i2c.o
LOAD ./lib/src/stm32f4xx_iwdg.o
LOAD ./lib/src/stm32f4xx_ltdc.o
LOAD ./lib/src/stm32f4xx_pwr.o
LOAD ./lib/src/stm32f4xx_rcc.o
LOAD ./lib/src/stm32f4xx_rng.o
LOAD ./lib/src/stm32f4xx_rtc.o
LOAD ./lib/src/stm32f4xx_sai.o
LOAD ./lib/src/stm32f4xx_sdio.o
LOAD ./lib/src/stm32f4xx_spi.o
LOAD ./lib/src/stm32f4xx_syscfg.o
LOAD ./lib/src/stm32f4xx_tim.o
LOAD ./lib/src/stm32f4xx_usart.o
LOAD ./lib/src/stm32f4xx_wwdg.o
LOAD /usr/local/gcc-arm-none-eabi-4_9-2014q4/bin/../lib/gcc/arm-none-eabi/4.9.3/../../../../arm-none-eabi/lib/armv7e-m/fpu/libm.a
START GROUP
LOAD /usr/local/gcc-arm-none-eabi-4_9-2014q4/bin/../lib/gcc/arm-none-eabi/4.9.3/armv7e-m/fpu/libgcc.a
LOAD /usr/local/gcc-arm-none-eabi-4_9-2014q4/bin/../lib/gcc/arm-none-eabi/4.9.3/../../../../arm-none-eabi/lib/armv7e-m/fpu/libg.a
LOAD /usr/local/gcc-arm-none-eabi-4_9-2014q4/bin/../lib/gcc/arm-none-eabi/4.9.3/../../../../arm-none-eabi/lib/armv7e-m/fpu/libc.a
END GROUP
LOAD /usr/local/gcc-arm-none-eabi-4_9-2014q4/bin/../lib/gcc/arm-none-eabi/4.9.3/armv7e-m/fpu/crtend.o
LOAD /usr/local/gcc-arm-none-eabi-4_9-2014q4/bin/../lib/gcc/arm-none-eabi/4.9.3/armv7e-m/fpu/crtn.o
                0x20020000                __stack = (ORIGIN (RAM) + 0x20000)
                0x20020000                _estack = __stack
                0x00000400                __Main_Stack_Size = 0x400
                0x00000400                PROVIDE (_Main_Stack_Size, __Main_Stack_Size)
                0x2001fc00                __Main_Stack_Limit = (__stack - __Main_Stack_Size)
                0x2001fc00                PROVIDE (_Main_Stack_Limit, __Main_Stack_Limit)
                0x00000100                _Minimum_Stack_Size = 0x100
                0x20000c4c                PROVIDE (_Heap_Begin, _end_noinit)
                0x2001fc00                PROVIDE (_Heap_Limit, (__stack - __Main_Stack_Size))

.isr_vector     0x08000000      0x188
 FILL mask 0xff
                0x08000000                __vectors_start__ = ABSOLUTE (.)
 *(.isr_vector)
 .isr_vector    0x08000000      0x188 ./src/startup_stm32f4xx.o
                0x08000000                g_pfnVectors
 *(.cfmconfig)
 *(.after_vectors .after_vectors.*)

.inits          0x08000188       0x4c
                0x08000188                __data_regions_array_start = .
                0x08000188        0x4 LONG 0x800c364 LOADADDR (.data)
                0x0800018c        0x4 LONG 0x20000000 ADDR (.data)
                0x08000190        0x4 LONG 0x200008dc (ADDR (.data) + SIZEOF (.data))
                0x08000194        0x4 LONG 0x800c364 LOADADDR (.data_CCMRAM)
                0x08000198        0x4 LONG 0x10000000 ADDR (.data_CCMRAM)
                0x0800019c        0x4 LONG 0x10000000 (ADDR (.data_CCMRAM) + SIZEOF (.data_CCMRAM))
                0x080001a0                __data_regions_array_end = .
                0x080001a0                __bss_regions_array_start = .
                0x080001a0        0x4 LONG 0x200008dc ADDR (.bss)
                0x080001a4        0x4 LONG 0x20000c4c (ADDR (.bss) + SIZEOF (.bss))
                0x080001a8        0x4 LONG 0x10000000 ADDR (.bss_CCMRAM)
                0x080001ac        0x4 LONG 0x10000000 (ADDR (.bss_CCMRAM) + SIZEOF (.bss_CCMRAM))
                0x080001b0                __bss_regions_array_end = .
 *(.init)
 .init          0x080001b0        0x4 /usr/local/gcc-arm-none-eabi-4_9-2014q4/bin/../lib/gcc/arm-none-eabi/4.9.3/armv7e-m/fpu/crti.o
                0x080001b0                _init
 .init          0x080001b4        0x8 /usr/local/gcc-arm-none-eabi-4_9-2014q4/bin/../lib/gcc/arm-none-eabi/4.9.3/armv7e-m/fpu/crtn.o
 *(.fini)
 .fini          0x080001bc        0x4 /usr/local/gcc-arm-none-eabi-4_9-2014q4/bin/../lib/gcc/arm-none-eabi/4.9.3/armv7e-m/fpu/crti.o
                0x080001bc                _fini
 .fini          0x080001c0        0x8 /usr/local/gcc-arm-none-eabi-4_9-2014q4/bin/../lib/gcc/arm-none-eabi/4.9.3/armv7e-m/fpu/crtn.o
                0x080001c8                . = ALIGN (0x4)
                0x080001c8                PROVIDE (__preinit_array_start, .)
 *(.preinit_array_sysinit .preinit_array_sysinit.*)
 *(.preinit_array_platform .preinit_array_platform.*)
 *(.preinit_array .preinit_array.*)
                0x080001c8                PROVIDE (__preinit_array_end, .)
                0x080001c8                . = ALIGN (0x4)
                0x080001c8                PROVIDE (__init_array_start, .)
 *(SORT(.init_array.*))
 .init_array.00000
                0x080001c8        0x4 /usr/local/gcc-arm-none-eabi-4_9-2014q4/bin/../lib/gcc/arm-none-eabi/4.9.3/../../../../arm-none-eabi/lib/armv7e-m/fpu/libg.a(lib_a-__call_atexit.o)
 *(.init_array)
 .init_array    0x080001cc        0x4 /usr/local/gcc-arm-none-eabi-4_9-2014q4/bin/../lib/gcc/arm-none-eabi/4.9.3/armv7e-m/fpu/crtbegin.o
                0x080001d0                PROVIDE (__init_array_end, .)
                0x080001d0                . = ALIGN (0x4)
                0x080001d0                PROVIDE (__fini_array_start, .)
 *(SORT(.fini_array.*))
 *(.fini_array)
 .fini_array    0x080001d0        0x4 /usr/local/gcc-arm-none-eabi-4_9-2014q4/bin/../lib/gcc/arm-none-eabi/4.9.3/armv7e-m/fpu/crtbegin.o
                0x080001d4                PROVIDE (__fini_array_end, .)

.flashtext
 *(.flashtext .flashtext.*)

.text           0x080001d8     0xc184
 *(.text .text.*)
 .text          0x080001d8       0x5c /usr/local/gcc-arm-none-eabi-4_9-2014q4/bin/../lib/gcc/arm-none-eabi/4.9.3/armv7e-m/fpu/crtbegin.o
 .text          0x08000234       0x74 /usr/local/gcc-arm-none-eabi-4_9-2014q4/bin/../lib/gcc/arm-none-eabi/4.9.3/../../../../arm-none-eabi/lib/armv7e-m/fpu/crt0.o
                0x08000234                _mainCRTStartup
                0x08000234                _start
 .text.buff_init
                0x080002a8       0x24 ./src/buffer.o
                0x080002a8                buff_init
 .text.buff_put
                0x080002cc       0x3c ./src/buffer.o
                0x080002cc                buff_put
 .text.buff_get
                0x08000308       0x3c ./src/buffer.o
                0x08000308                buff_get
 .text.buff_empty
                0x08000344       0x28 ./src/buffer.o
                0x08000344                buff_empty
 .text.buff_full
                0x0800036c       0x28 ./src/buffer.o
                0x0800036c                buff_full
 .text.cmd_init
                0x08000394       0x24 ./src/cmd.o
                0x08000394                cmd_init
 .text.cmd_add_ch
                0x080003b8       0x68 ./src/cmd.o
                0x080003b8                cmd_add_ch
 .text.cmd_set_state
                0x08000420       0x20 ./src/cmd.o
                0x08000420                cmd_set_state
 .text.cmd_get_state
                0x08000440       0x1c ./src/cmd.o
                0x08000440                cmd_get_state
 .text.NVIC_SetPriority
                0x0800045c       0x54 ./src/main.o
 .text.SysTick_Config
                0x080004b0       0x44 ./src/main.o
 .text.main     0x080004f4       0xd8 ./src/main.o
                0x080004f4                main
 .text.tim_conf
                0x080005cc      0x11c ./src/main.o
                0x080005cc                tim_conf
 .text.Reset_Handler
                0x080006e8       0x58 ./src/startup_stm32f4xx.o
                0x080006e8                Reset_Handler
 .text.Default_Handler
                0x08000740        0x2 ./src/startup_stm32f4xx.o
                0x08000740                RTC_Alarm_IRQHandler
                0x08000740                HASH_RNG_IRQHandler
                0x08000740                EXTI2_IRQHandler
                0x08000740                TIM8_CC_IRQHandler
                0x08000740                TIM1_CC_IRQHandler
                0x08000740                DMA2_Stream5_IRQHandler
                0x08000740                DMA1_Stream5_IRQHandler
                0x08000740                PVD_IRQHandler
                0x08000740                SDIO_IRQHandler
                0x08000740                TAMP_STAMP_IRQHandler
                0x08000740                CAN2_RX1_IRQHandler
                0x08000740                EXTI3_IRQHandler
                0x08000740                TIM8_TRG_COM_TIM14_IRQHandler
                0x08000740                TIM1_UP_TIM10_IRQHandler
                0x08000740                TIM8_UP_TIM13_IRQHandler
                0x08000740                I2C3_ER_IRQHandler
                0x08000740                EXTI0_IRQHandler
                0x08000740                I2C2_EV_IRQHandler
                0x08000740                DMA1_Stream2_IRQHandler
                0x08000740                CAN1_RX0_IRQHandler
                0x08000740                FPU_IRQHandler
                0x08000740                OTG_HS_WKUP_IRQHandler
                0x08000740                CAN2_SCE_IRQHandler
                0x08000740                DMA2_Stream2_IRQHandler
                0x08000740                SPI1_IRQHandler
                0x08000740                TIM6_DAC_IRQHandler
                0x08000740                TIM1_BRK_TIM9_IRQHandler
                0x08000740                DCMI_IRQHandler
                0x08000740                CAN2_RX0_IRQHandler
                0x08000740                DMA2_Stream3_IRQHandler
                0x08000740                USART6_IRQHandler
                0x08000740                CRYP_IRQHandler
                0x08000740                CAN1_RX1_IRQHandler
                0x08000740                UART5_IRQHandler
                0x08000740                DMA2_Stream0_IRQHandler
                0x08000740                TIM4_IRQHandler
                0x08000740                I2C1_EV_IRQHandler
                0x08000740                DMA1_Stream6_IRQHandler
                0x08000740                DMA1_Stream1_IRQHandler
                0x08000740                UART4_IRQHandler
                0x08000740                RCC_IRQHandler
                0x08000740                TIM8_BRK_TIM12_IRQHandler
                0x08000740                Default_Handler
                0x08000740                EXTI15_10_IRQHandler
                0x08000740                ADC_IRQHandler
                0x08000740                DMA1_Stream7_IRQHandler
                0x08000740                TIM7_IRQHandler
                0x08000740                CAN2_TX_IRQHandler
                0x08000740                TIM5_IRQHandler
                0x08000740                DMA2_Stream7_IRQHandler
                0x08000740                I2C3_EV_IRQHandler
                0x08000740                EXTI9_5_IRQHandler
                0x08000740                RTC_WKUP_IRQHandler
                0x08000740                ETH_WKUP_IRQHandler
                0x08000740                SPI2_IRQHandler
                0x08000740                OTG_HS_EP1_IN_IRQHandler
                0x08000740                DMA1_Stream0_IRQHandler
                0x08000740                CAN1_TX_IRQHandler
                0x08000740                EXTI4_IRQHandler
                0x08000740                FSMC_IRQHandler
                0x08000740                ETH_IRQHandler
                0x08000740                OTG_HS_EP1_OUT_IRQHandler
                0x08000740                WWDG_IRQHandler
                0x08000740                TIM2_IRQHandler
                0x08000740                OTG_FS_WKUP_IRQHandler
                0x08000740                TIM1_TRG_COM_TIM11_IRQHandler
                0x08000740                OTG_HS_IRQHandler
                0x08000740                EXTI1_IRQHandler
                0x08000740                USART2_IRQHandler
                0x08000740                I2C2_ER_IRQHandler
                0x08000740                DMA2_Stream1_IRQHandler
                0x08000740                CAN1_SCE_IRQHandler
                0x08000740                FLASH_IRQHandler
                0x08000740                DMA2_Stream4_IRQHandler
                0x08000740                USART1_IRQHandler
                0x08000740                OTG_FS_IRQHandler
                0x08000740                SPI3_IRQHandler
                0x08000740                DMA1_Stream4_IRQHandler
                0x08000740                I2C1_ER_IRQHandler
                0x08000740                DMA2_Stream6_IRQHandler
                0x08000740                DMA1_Stream3_IRQHandler
 *fill*         0x08000742        0x2 
 .text.STM_EVAL_LEDInit
                0x08000744       0x5c ./src/stm32f4_discovery.o
                0x08000744                STM_EVAL_LEDInit
 .text.STM_EVAL_LEDToggle
                0x080007a0       0x3c ./src/stm32f4_discovery.o
                0x080007a0                STM_EVAL_LEDToggle
 .text.STM_EVAL_COMInit
                0x080007dc       0xd4 ./src/stm32f4_discovery.o
                0x080007dc                STM_EVAL_COMInit
 .text.NMI_Handler
                0x080008b0        0xc ./src/stm32f4xx_it.o
                0x080008b0                NMI_Handler
 .text.HardFault_Handler
                0x080008bc        0x8 ./src/stm32f4xx_it.o
                0x080008bc                HardFault_Handler
 .text.MemManage_Handler
                0x080008c4        0x8 ./src/stm32f4xx_it.o
                0x080008c4                MemManage_Handler
 .text.BusFault_Handler
                0x080008cc        0x8 ./src/stm32f4xx_it.o
                0x080008cc                BusFault_Handler
 .text.UsageFault_Handler
                0x080008d4        0x8 ./src/stm32f4xx_it.o
                0x080008d4                UsageFault_Handler
 .text.DebugMon_Handler
                0x080008dc        0xc ./src/stm32f4xx_it.o
                0x080008dc                DebugMon_Handler
 .text.SVC_Handler
                0x080008e8        0xc ./src/stm32f4xx_it.o
                0x080008e8                SVC_Handler
 .text.PendSV_Handler
                0x080008f4        0xc ./src/stm32f4xx_it.o
                0x080008f4                PendSV_Handler
 .text.SysTick_Handler
                0x08000900       0x70 ./src/stm32f4xx_it.o
                0x08000900                SysTick_Handler
 .text.TIM3_IRQHandler
                0x08000970      0x118 ./src/stm32f4xx_it.o
                0x08000970                TIM3_IRQHandler
 .text.USART3_IRQHandler
                0x08000a88       0xc4 ./src/stm32f4xx_it.o
                0x08000a88                USART3_IRQHandler
 .text._exit    0x08000b4c        0xc ./src/syscalls.o
                0x08000b4c                _exit
 .text._close   0x08000b58       0x18 ./src/syscalls.o
                0x08000b58                _close
 .text._fstat   0x08000b70       0x20 ./src/syscalls.o
                0x08000b70                _fstat
 .text._isatty  0x08000b90       0x2c ./src/syscalls.o
                0x08000b90                _isatty
 .text._lseek   0x08000bbc       0x1c ./src/syscalls.o
                0x08000bbc                _lseek
 .text._sbrk    0x08000bd8       0x70 ./src/syscalls.o
                0x08000bd8                _sbrk
 .text._read    0x08000c48       0x88 ./src/syscalls.o
                0x08000c48                _read
 .text._write   0x08000cd0       0x54 ./src/syscalls.o
                0x08000cd0                _write
 .text.SystemInit
                0x08000d24       0x68 ./src/system_stm32f4xx.o
                0x08000d24                SystemInit
 .text.SetSysClock
                0x08000d8c       0xf4 ./src/system_stm32f4xx.o
 .text.usart_conf
                0x08000e80       0x78 ./src/usart.o
                0x08000e80                usart_conf
 .text.usart_putch
                0x08000ef8       0x78 ./src/usart.o
                0x08000ef8                usart_putch
 .text.usart_getch
                0x08000f70       0x54 ./src/usart.o
                0x08000f70                usart_getch
 .text.NVIC_Init
                0x08000fc4       0xc0 ./lib/src/misc.o
                0x08000fc4                NVIC_Init
 .text.GPIO_Init
                0x08001084      0x11c ./lib/src/stm32f4xx_gpio.o
                0x08001084                GPIO_Init
 .text.GPIO_PinAFConfig
                0x080011a0       0x90 ./lib/src/stm32f4xx_gpio.o
                0x080011a0                GPIO_PinAFConfig
 .text.RCC_GetClocksFreq
                0x08001230      0x154 ./lib/src/stm32f4xx_rcc.o
                0x08001230                RCC_GetClocksFreq
 .text.RCC_AHB1PeriphClockCmd
                0x08001384       0x3c ./lib/src/stm32f4xx_rcc.o
                0x08001384                RCC_AHB1PeriphClockCmd
 .text.RCC_APB1PeriphClockCmd
                0x080013c0       0x3c ./lib/src/stm32f4xx_rcc.o
                0x080013c0                RCC_APB1PeriphClockCmd
 .text.TIM_TimeBaseInit
                0x080013fc       0xd4 ./lib/src/stm32f4xx_tim.o
                0x080013fc                TIM_TimeBaseInit
 .text.TIM_PrescalerConfig
                0x080014d0       0x28 ./lib/src/stm32f4xx_tim.o
                0x080014d0                TIM_PrescalerConfig
 .text.TIM_Cmd  0x080014f8       0x40 ./lib/src/stm32f4xx_tim.o
                0x080014f8                TIM_Cmd
 .text.TIM_OC1Init
                0x08001538       0xf4 ./lib/src/stm32f4xx_tim.o
                0x08001538                TIM_OC1Init
 .text.TIM_OC2Init
                0x0800162c      0x110 ./lib/src/stm32f4xx_tim.o
                0x0800162c                TIM_OC2Init
 .text.TIM_OC3Init
                0x0800173c      0x10c ./lib/src/stm32f4xx_tim.o
                0x0800173c                TIM_OC3Init
 .text.TIM_OC4Init
                0x08001848       0xcc ./lib/src/stm32f4xx_tim.o
                0x08001848                TIM_OC4Init
 .text.TIM_SetCompare1
                0x08001914       0x1c ./lib/src/stm32f4xx_tim.o
                0x08001914                TIM_SetCompare1
 .text.TIM_SetCompare2
                0x08001930       0x1c ./lib/src/stm32f4xx_tim.o
                0x08001930                TIM_SetCompare2
 .text.TIM_SetCompare3
                0x0800194c       0x1c ./lib/src/stm32f4xx_tim.o
                0x0800194c                TIM_SetCompare3
 .text.TIM_SetCompare4
                0x08001968       0x1c ./lib/src/stm32f4xx_tim.o
                0x08001968                TIM_SetCompare4
 .text.TIM_OC1PreloadConfig
                0x08001984       0x38 ./lib/src/stm32f4xx_tim.o
                0x08001984                TIM_OC1PreloadConfig
 .text.TIM_OC2PreloadConfig
                0x080019bc       0x3c ./lib/src/stm32f4xx_tim.o
                0x080019bc                TIM_OC2PreloadConfig
 .text.TIM_OC3PreloadConfig
                0x080019f8       0x38 ./lib/src/stm32f4xx_tim.o
                0x080019f8                TIM_OC3PreloadConfig
 .text.TIM_OC4PreloadConfig
                0x08001a30       0x3c ./lib/src/stm32f4xx_tim.o
                0x08001a30                TIM_OC4PreloadConfig
 .text.TIM_GetCapture1
                0x08001a6c       0x18 ./lib/src/stm32f4xx_tim.o
                0x08001a6c                TIM_GetCapture1
 .text.TIM_GetCapture2
                0x08001a84       0x18 ./lib/src/stm32f4xx_tim.o
                0x08001a84                TIM_GetCapture2
 .text.TIM_GetCapture3
                0x08001a9c       0x18 ./lib/src/stm32f4xx_tim.o
                0x08001a9c                TIM_GetCapture3
 .text.TIM_GetCapture4
                0x08001ab4       0x18 ./lib/src/stm32f4xx_tim.o
                0x08001ab4                TIM_GetCapture4
 .text.TIM_ITConfig
                0x08001acc       0x48 ./lib/src/stm32f4xx_tim.o
                0x08001acc                TIM_ITConfig
 .text.TIM_GetITStatus
                0x08001b14       0x54 ./lib/src/stm32f4xx_tim.o
                0x08001b14                TIM_GetITStatus
 .text.TIM_ClearITPendingBit
                0x08001b68       0x20 ./lib/src/stm32f4xx_tim.o
                0x08001b68                TIM_ClearITPendingBit
 .text.USART_Init
                0x08001b88      0x178 ./lib/src/stm32f4xx_usart.o
                0x08001b88                USART_Init
 .text.USART_Cmd
                0x08001d00       0x40 ./lib/src/stm32f4xx_usart.o
                0x08001d00                USART_Cmd
 .text.USART_SendData
                0x08001d40       0x24 ./lib/src/stm32f4xx_usart.o
                0x08001d40                USART_SendData
 .text.USART_ReceiveData
                0x08001d64       0x20 ./lib/src/stm32f4xx_usart.o
                0x08001d64                USART_ReceiveData
 .text.USART_ITConfig
                0x08001d84       0x90 ./lib/src/stm32f4xx_usart.o
                0x08001d84                USART_ITConfig
 .text.USART_GetITStatus
                0x08001e14       0xb8 ./lib/src/stm32f4xx_usart.o
                0x08001e14                USART_GetITStatus
 .text.exit     0x08001ecc       0x20 /usr/local/gcc-arm-none-eabi-4_9-2014q4/bin/../lib/gcc/arm-none-eabi/4.9.3/../../../../arm-none-eabi/lib/armv7e-m/fpu/libg.a(lib_a-exit.o)
                0x08001ecc                exit
 .text.__sflush_r
                0x08001eec      0x154 /usr/local/gcc-arm-none-eabi-4_9-2014q4/bin/../lib/gcc/arm-none-eabi/4.9.3/../../../../arm-none-eabi/lib/armv7e-m/fpu/libg.a(lib_a-fflush.o)
                0x08001eec                __sflush_r
 .text._fflush_r
                0x08002040       0x2c /usr/local/gcc-arm-none-eabi-4_9-2014q4/bin/../lib/gcc/arm-none-eabi/4.9.3/../../../../arm-none-eabi/lib/armv7e-m/fpu/libg.a(lib_a-fflush.o)
                0x08002040                _fflush_r
 .text.fflush   0x0800206c       0x24 /usr/local/gcc-arm-none-eabi-4_9-2014q4/bin/../lib/gcc/arm-none-eabi/4.9.3/../../../../arm-none-eabi/lib/armv7e-m/fpu/libg.a(lib_a-fflush.o)
                0x0800206c                fflush
 .text._cleanup_r
                0x08002090        0xc /usr/local/gcc-arm-none-eabi-4_9-2014q4/bin/../lib/gcc/arm-none-eabi/4.9.3/../../../../arm-none-eabi/lib/armv7e-m/fpu/libg.a(lib_a-findfp.o)
                0x08002090                _cleanup_r
 .text.__sinit.part.1
                0x0800209c       0xf0 /usr/local/gcc-arm-none-eabi-4_9-2014q4/bin/../lib/gcc/arm-none-eabi/4.9.3/../../../../arm-none-eabi/lib/armv7e-m/fpu/libg.a(lib_a-findfp.o)
 .text.__sinit  0x0800218c        0xc /usr/local/gcc-arm-none-eabi-4_9-2014q4/bin/../lib/gcc/arm-none-eabi/4.9.3/../../../../arm-none-eabi/lib/armv7e-m/fpu/libg.a(lib_a-findfp.o)
                0x0800218c                __sinit
 .text.__sfp_lock_acquire
                0x08002198        0x4 /usr/local/gcc-arm-none-eabi-4_9-2014q4/bin/../lib/gcc/arm-none-eabi/4.9.3/../../../../arm-none-eabi/lib/armv7e-m/fpu/libg.a(lib_a-findfp.o)
                0x08002198                __sfp_lock_acquire
 .text.__sfp_lock_release
                0x0800219c        0x4 /usr/local/gcc-arm-none-eabi-4_9-2014q4/bin/../lib/gcc/arm-none-eabi/4.9.3/../../../../arm-none-eabi/lib/armv7e-m/fpu/libg.a(lib_a-findfp.o)
                0x0800219c                __sfp_lock_release
 .text._malloc_trim_r
                0x080021a0       0x9c /usr/local/gcc-arm-none-eabi-4_9-2014q4/bin/../lib/gcc/arm-none-eabi/4.9.3/../../../../arm-none-eabi/lib/armv7e-m/fpu/libg.a(lib_a-freer.o)
                0x080021a0                _malloc_trim_r
 .text._free_r  0x0800223c      0x1b0 /usr/local/gcc-arm-none-eabi-4_9-2014q4/bin/../lib/gcc/arm-none-eabi/4.9.3/../../../../arm-none-eabi/lib/armv7e-m/fpu/libg.a(lib_a-freer.o)
                0x0800223c                _free_r
 .text._fwalk_reent
                0x080023ec       0x54 /usr/local/gcc-arm-none-eabi-4_9-2014q4/bin/../lib/gcc/arm-none-eabi/4.9.3/../../../../arm-none-eabi/lib/armv7e-m/fpu/libg.a(lib_a-fwalk.o)
                0x080023ec                _fwalk_reent
 .text.__libc_init_array
                0x08002440       0x50 /usr/local/gcc-arm-none-eabi-4_9-2014q4/bin/../lib/gcc/arm-none-eabi/4.9.3/../../../../arm-none-eabi/lib/armv7e-m/fpu/libg.a(lib_a-init.o)
                0x08002440                __libc_init_array
 .text._malloc_r
                0x08002490      0x51c /usr/local/gcc-arm-none-eabi-4_9-2014q4/bin/../lib/gcc/arm-none-eabi/4.9.3/../../../../arm-none-eabi/lib/armv7e-m/fpu/libg.a(lib_a-mallocr.o)
                0x08002490                _malloc_r
 .text          0x080029ac      0x134 /usr/local/gcc-arm-none-eabi-4_9-2014q4/bin/../lib/gcc/arm-none-eabi/4.9.3/../../../../arm-none-eabi/lib/armv7e-m/fpu/libg.a(lib_a-memcpy.o)
                0x080029ac                memcpy
 .text.memset   0x08002ae0       0x9c /usr/local/gcc-arm-none-eabi-4_9-2014q4/bin/../lib/gcc/arm-none-eabi/4.9.3/../../../../arm-none-eabi/lib/armv7e-m/fpu/libg.a(lib_a-memset.o)
                0x08002ae0                memset
 .text.__malloc_lock
                0x08002b7c        0x4 /usr/local/gcc-arm-none-eabi-4_9-2014q4/bin/../lib/gcc/arm-none-eabi/4.9.3/../../../../arm-none-eabi/lib/armv7e-m/fpu/libg.a(lib_a-mlock.o)
                0x08002b7c                __malloc_lock
 .text.__malloc_unlock
                0x08002b80        0x4 /usr/local/gcc-arm-none-eabi-4_9-2014q4/bin/../lib/gcc/arm-none-eabi/4.9.3/../../../../arm-none-eabi/lib/armv7e-m/fpu/libg.a(lib_a-mlock.o)
                0x08002b80                __malloc_unlock
 .text.printf   0x08002b84       0x28 /usr/local/gcc-arm-none-eabi-4_9-2014q4/bin/../lib/gcc/arm-none-eabi/4.9.3/../../../../arm-none-eabi/lib/armv7e-m/fpu/libg.a(lib_a-printf.o)
                0x08002b84                printf
 .text._sbrk_r  0x08002bac       0x24 /usr/local/gcc-arm-none-eabi-4_9-2014q4/bin/../lib/gcc/arm-none-eabi/4.9.3/../../../../arm-none-eabi/lib/armv7e-m/fpu/libg.a(lib_a-sbrkr.o)
                0x08002bac                _sbrk_r
 .text.sscanf   0x08002bd0       0x58 /usr/local/gcc-arm-none-eabi-4_9-2014q4/bin/../lib/gcc/arm-none-eabi/4.9.3/../../../../arm-none-eabi/lib/armv7e-m/fpu/libg.a(lib_a-sscanf.o)
                0x08002bd0                sscanf
 .text.__sread  0x08002c28       0x24 /usr/local/gcc-arm-none-eabi-4_9-2014q4/bin/../lib/gcc/arm-none-eabi/4.9.3/../../../../arm-none-eabi/lib/armv7e-m/fpu/libg.a(lib_a-stdio.o)
                0x08002c28                __sread
 .text.__seofread
                0x08002c4c        0x4 /usr/local/gcc-arm-none-eabi-4_9-2014q4/bin/../lib/gcc/arm-none-eabi/4.9.3/../../../../arm-none-eabi/lib/armv7e-m/fpu/libg.a(lib_a-stdio.o)
                0x08002c4c                __seofread
 .text.__swrite
                0x08002c50       0x38 /usr/local/gcc-arm-none-eabi-4_9-2014q4/bin/../lib/gcc/arm-none-eabi/4.9.3/../../../../arm-none-eabi/lib/armv7e-m/fpu/libg.a(lib_a-stdio.o)
                0x08002c50                __swrite
 .text.__sseek  0x08002c88       0x20 /usr/local/gcc-arm-none-eabi-4_9-2014q4/bin/../lib/gcc/arm-none-eabi/4.9.3/../../../../arm-none-eabi/lib/armv7e-m/fpu/libg.a(lib_a-stdio.o)
                0x08002c88                __sseek
 .text.__sclose
                0x08002ca8        0x8 /usr/local/gcc-arm-none-eabi-4_9-2014q4/bin/../lib/gcc/arm-none-eabi/4.9.3/../../../../arm-none-eabi/lib/armv7e-m/fpu/libg.a(lib_a-stdio.o)
                0x08002ca8                __sclose
 .text.strlen   0x08002cb0       0x5c /usr/local/gcc-arm-none-eabi-4_9-2014q4/bin/../lib/gcc/arm-none-eabi/4.9.3/../../../../arm-none-eabi/lib/armv7e-m/fpu/libg.a(lib_a-strlen.o)
                0x08002cb0                strlen
 .text.__ssvfscanf_r
                0x08002d0c      0xe5c /usr/local/gcc-arm-none-eabi-4_9-2014q4/bin/../lib/gcc/arm-none-eabi/4.9.3/../../../../arm-none-eabi/lib/armv7e-m/fpu/libg.a(lib_a-svfscanf.o)
                0x08002d0c                __ssvfscanf_r
 .text._vfprintf_r
                0x08003b68     0x1428 /usr/local/gcc-arm-none-eabi-4_9-2014q4/bin/../lib/gcc/arm-none-eabi/4.9.3/../../../../arm-none-eabi/lib/armv7e-m/fpu/libg.a(lib_a-vfprintf.o)
                0x08003b68                _vfprintf_r
 .text.__sbprintf
                0x08004f90       0x78 /usr/local/gcc-arm-none-eabi-4_9-2014q4/bin/../lib/gcc/arm-none-eabi/4.9.3/../../../../arm-none-eabi/lib/armv7e-m/fpu/libg.a(lib_a-vfprintf.o)
 .text._write_r
                0x08005008       0x28 /usr/local/gcc-arm-none-eabi-4_9-2014q4/bin/../lib/gcc/arm-none-eabi/4.9.3/../../../../arm-none-eabi/lib/armv7e-m/fpu/libg.a(lib_a-writer.o)
                0x08005008                _write_r
 .text.__swsetup_r
                0x08005030       0xc4 /usr/local/gcc-arm-none-eabi-4_9-2014q4/bin/../lib/gcc/arm-none-eabi/4.9.3/../../../../arm-none-eabi/lib/armv7e-m/fpu/libg.a(lib_a-wsetup.o)
                0x08005030                __swsetup_r
 .text.startup.register_fini
                0x080050f4       0x14 /usr/local/gcc-arm-none-eabi-4_9-2014q4/bin/../lib/gcc/arm-none-eabi/4.9.3/../../../../arm-none-eabi/lib/armv7e-m/fpu/libg.a(lib_a-__call_atexit.o)
 .text.__call_exitprocs
                0x08005108       0xd4 /usr/local/gcc-arm-none-eabi-4_9-2014q4/bin/../lib/gcc/arm-none-eabi/4.9.3/../../../../arm-none-eabi/lib/armv7e-m/fpu/libg.a(lib_a-__call_atexit.o)
                0x08005108                __call_exitprocs
 .text.atexit   0x080051dc        0xc /usr/local/gcc-arm-none-eabi-4_9-2014q4/bin/../lib/gcc/arm-none-eabi/4.9.3/../../../../arm-none-eabi/lib/armv7e-m/fpu/libg.a(lib_a-atexit.o)
                0x080051dc                atexit
 .text._close_r
                0x080051e8       0x24 /usr/local/gcc-arm-none-eabi-4_9-2014q4/bin/../lib/gcc/arm-none-eabi/4.9.3/../../../../arm-none-eabi/lib/armv7e-m/fpu/libg.a(lib_a-closer.o)
                0x080051e8                _close_r
 .text.quorem   0x0800520c      0x12c /usr/local/gcc-arm-none-eabi-4_9-2014q4/bin/../lib/gcc/arm-none-eabi/4.9.3/../../../../arm-none-eabi/lib/armv7e-m/fpu/libg.a(lib_a-dtoa.o)
 .text._dtoa_r  0x08005338      0xea8 /usr/local/gcc-arm-none-eabi-4_9-2014q4/bin/../lib/gcc/arm-none-eabi/4.9.3/../../../../arm-none-eabi/lib/armv7e-m/fpu/libg.a(lib_a-dtoa.o)
                0x08005338                _dtoa_r
 .text._fclose_r
                0x080061e0       0x84 /usr/local/gcc-arm-none-eabi-4_9-2014q4/bin/../lib/gcc/arm-none-eabi/4.9.3/../../../../arm-none-eabi/lib/armv7e-m/fpu/libg.a(lib_a-fclose.o)
                0x080061e0                _fclose_r
 .text.__libc_fini_array
                0x08006264       0x2c /usr/local/gcc-arm-none-eabi-4_9-2014q4/bin/../lib/gcc/arm-none-eabi/4.9.3/../../../../arm-none-eabi/lib/armv7e-m/fpu/libg.a(lib_a-fini.o)
                0x08006264                __libc_fini_array
 .text.iswspace
                0x08006290       0x1c /usr/local/gcc-arm-none-eabi-4_9-2014q4/bin/../lib/gcc/arm-none-eabi/4.9.3/../../../../arm-none-eabi/lib/armv7e-m/fpu/libg.a(lib_a-iswspace.o)
                0x08006290                iswspace
 .text.__locale_charset
                0x080062ac        0x8 /usr/local/gcc-arm-none-eabi-4_9-2014q4/bin/../lib/gcc/arm-none-eabi/4.9.3/../../../../arm-none-eabi/lib/armv7e-m/fpu/libg.a(lib_a-locale.o)
                0x080062ac                __locale_charset
 .text.__locale_mb_cur_max
                0x080062b4        0xc /usr/local/gcc-arm-none-eabi-4_9-2014q4/bin/../lib/gcc/arm-none-eabi/4.9.3/../../../../arm-none-eabi/lib/armv7e-m/fpu/libg.a(lib_a-locale.o)
                0x080062b4                __locale_mb_cur_max
 .text._localeconv_r
                0x080062c0        0x8 /usr/local/gcc-arm-none-eabi-4_9-2014q4/bin/../lib/gcc/arm-none-eabi/4.9.3/../../../../arm-none-eabi/lib/armv7e-m/fpu/libg.a(lib_a-locale.o)
                0x080062c0                _localeconv_r
 .text._lseek_r
                0x080062c8       0x28 /usr/local/gcc-arm-none-eabi-4_9-2014q4/bin/../lib/gcc/arm-none-eabi/4.9.3/../../../../arm-none-eabi/lib/armv7e-m/fpu/libg.a(lib_a-lseekr.o)
                0x080062c8                _lseek_r
 .text.__smakebuf_r
                0x080062f0       0xe0 /usr/local/gcc-arm-none-eabi-4_9-2014q4/bin/../lib/gcc/arm-none-eabi/4.9.3/../../../../arm-none-eabi/lib/armv7e-m/fpu/libg.a(lib_a-makebuf.o)
                0x080062f0                __smakebuf_r
 .text._mbrtowc_r
                0x080063d0       0x5c /usr/local/gcc-arm-none-eabi-4_9-2014q4/bin/../lib/gcc/arm-none-eabi/4.9.3/../../../../arm-none-eabi/lib/armv7e-m/fpu/libg.a(lib_a-mbrtowc.o)
                0x080063d0                _mbrtowc_r
 .text.__ascii_mbtowc
                0x0800642c       0x2c /usr/local/gcc-arm-none-eabi-4_9-2014q4/bin/../lib/gcc/arm-none-eabi/4.9.3/../../../../arm-none-eabi/lib/armv7e-m/fpu/libg.a(lib_a-mbtowc_r.o)
                0x0800642c                __ascii_mbtowc
 .text.memchr   0x08006458       0x94 /usr/local/gcc-arm-none-eabi-4_9-2014q4/bin/../lib/gcc/arm-none-eabi/4.9.3/../../../../arm-none-eabi/lib/armv7e-m/fpu/libg.a(lib_a-memchr.o)
                0x08006458                memchr
 .text._Balloc  0x080064ec       0x4c /usr/local/gcc-arm-none-eabi-4_9-2014q4/bin/../lib/gcc/arm-none-eabi/4.9.3/../../../../arm-none-eabi/lib/armv7e-m/fpu/libg.a(lib_a-mprec.o)
                0x080064ec                _Balloc
 .text._Bfree   0x08006538       0x14 /usr/local/gcc-arm-none-eabi-4_9-2014q4/bin/../lib/gcc/arm-none-eabi/4.9.3/../../../../arm-none-eabi/lib/armv7e-m/fpu/libg.a(lib_a-mprec.o)
                0x08006538                _Bfree
 .text.__multadd
                0x0800654c       0x84 /usr/local/gcc-arm-none-eabi-4_9-2014q4/bin/../lib/gcc/arm-none-eabi/4.9.3/../../../../arm-none-eabi/lib/armv7e-m/fpu/libg.a(lib_a-mprec.o)
                0x0800654c                __multadd
 .text.__s2b    0x080065d0       0x98 /usr/local/gcc-arm-none-eabi-4_9-2014q4/bin/../lib/gcc/arm-none-eabi/4.9.3/../../../../arm-none-eabi/lib/armv7e-m/fpu/libg.a(lib_a-mprec.o)
                0x080065d0                __s2b
 .text.__hi0bits
                0x08006668       0x40 /usr/local/gcc-arm-none-eabi-4_9-2014q4/bin/../lib/gcc/arm-none-eabi/4.9.3/../../../../arm-none-eabi/lib/armv7e-m/fpu/libg.a(lib_a-mprec.o)
                0x08006668                __hi0bits
 .text.__lo0bits
                0x080066a8       0x5c /usr/local/gcc-arm-none-eabi-4_9-2014q4/bin/../lib/gcc/arm-none-eabi/4.9.3/../../../../arm-none-eabi/lib/armv7e-m/fpu/libg.a(lib_a-mprec.o)
                0x080066a8                __lo0bits
 .text.__i2b    0x08006704       0x14 /usr/local/gcc-arm-none-eabi-4_9-2014q4/bin/../lib/gcc/arm-none-eabi/4.9.3/../../../../arm-none-eabi/lib/armv7e-m/fpu/libg.a(lib_a-mprec.o)
                0x08006704                __i2b
 .text.__multiply
                0x08006718      0x134 /usr/local/gcc-arm-none-eabi-4_9-2014q4/bin/../lib/gcc/arm-none-eabi/4.9.3/../../../../arm-none-eabi/lib/armv7e-m/fpu/libg.a(lib_a-mprec.o)
                0x08006718                __multiply
 .text.__pow5mult
                0x0800684c       0xa0 /usr/local/gcc-arm-none-eabi-4_9-2014q4/bin/../lib/gcc/arm-none-eabi/4.9.3/../../../../arm-none-eabi/lib/armv7e-m/fpu/libg.a(lib_a-mprec.o)
                0x0800684c                __pow5mult
 .text.__lshift
                0x080068ec       0xac /usr/local/gcc-arm-none-eabi-4_9-2014q4/bin/../lib/gcc/arm-none-eabi/4.9.3/../../../../arm-none-eabi/lib/armv7e-m/fpu/libg.a(lib_a-mprec.o)
                0x080068ec                __lshift
 .text.__mcmp   0x08006998       0x48 /usr/local/gcc-arm-none-eabi-4_9-2014q4/bin/../lib/gcc/arm-none-eabi/4.9.3/../../../../arm-none-eabi/lib/armv7e-m/fpu/libg.a(lib_a-mprec.o)
                0x08006998                __mcmp
 .text.__mdiff  0x080069e0       0xd4 /usr/local/gcc-arm-none-eabi-4_9-2014q4/bin/../lib/gcc/arm-none-eabi/4.9.3/../../../../arm-none-eabi/lib/armv7e-m/fpu/libg.a(lib_a-mprec.o)
                0x080069e0                __mdiff
 .text.__ulp    0x08006ab4       0x50 /usr/local/gcc-arm-none-eabi-4_9-2014q4/bin/../lib/gcc/arm-none-eabi/4.9.3/../../../../arm-none-eabi/lib/armv7e-m/fpu/libg.a(lib_a-mprec.o)
                0x08006ab4                __ulp
 .text.__b2d    0x08006b04       0xc4 /usr/local/gcc-arm-none-eabi-4_9-2014q4/bin/../lib/gcc/arm-none-eabi/4.9.3/../../../../arm-none-eabi/lib/armv7e-m/fpu/libg.a(lib_a-mprec.o)
                0x08006b04                __b2d
 .text.__d2b    0x08006bc8       0xbc /usr/local/gcc-arm-none-eabi-4_9-2014q4/bin/../lib/gcc/arm-none-eabi/4.9.3/../../../../arm-none-eabi/lib/armv7e-m/fpu/libg.a(lib_a-mprec.o)
                0x08006bc8                __d2b
 .text.__ratio  0x08006c84       0x60 /usr/local/gcc-arm-none-eabi-4_9-2014q4/bin/../lib/gcc/arm-none-eabi/4.9.3/../../../../arm-none-eabi/lib/armv7e-m/fpu/libg.a(lib_a-mprec.o)
                0x08006c84                __ratio
 .text.__copybits
                0x08006ce4       0x48 /usr/local/gcc-arm-none-eabi-4_9-2014q4/bin/../lib/gcc/arm-none-eabi/4.9.3/../../../../arm-none-eabi/lib/armv7e-m/fpu/libg.a(lib_a-mprec.o)
                0x08006ce4                __copybits
 .text.__any_on
                0x08006d2c       0x60 /usr/local/gcc-arm-none-eabi-4_9-2014q4/bin/../lib/gcc/arm-none-eabi/4.9.3/../../../../arm-none-eabi/lib/armv7e-m/fpu/libg.a(lib_a-mprec.o)
                0x08006d2c                __any_on
 .text._read_r  0x08006d8c       0x28 /usr/local/gcc-arm-none-eabi-4_9-2014q4/bin/../lib/gcc/arm-none-eabi/4.9.3/../../../../arm-none-eabi/lib/armv7e-m/fpu/libg.a(lib_a-readr.o)
                0x08006d8c                _read_r
 .text.__fpclassifyd
                0x08006db4       0x5c /usr/local/gcc-arm-none-eabi-4_9-2014q4/bin/../lib/gcc/arm-none-eabi/4.9.3/../../../../arm-none-eabi/lib/armv7e-m/fpu/libg.a(lib_a-s_fpclassify.o)
                0x08006db4                __fpclassifyd
 .text.__sccl   0x08006e10       0x78 /usr/local/gcc-arm-none-eabi-4_9-2014q4/bin/../lib/gcc/arm-none-eabi/4.9.3/../../../../arm-none-eabi/lib/armv7e-m/fpu/libg.a(lib_a-sccl.o)
                0x08006e10                __sccl
 .text.nanf     0x08006e88        0xc /usr/local/gcc-arm-none-eabi-4_9-2014q4/bin/../lib/gcc/arm-none-eabi/4.9.3/../../../../arm-none-eabi/lib/armv7e-m/fpu/libg.a(lib_a-sf_nan.o)
                0x08006e88                nanf
 .text.sprintf  0x08006e94       0x4c /usr/local/gcc-arm-none-eabi-4_9-2014q4/bin/../lib/gcc/arm-none-eabi/4.9.3/../../../../arm-none-eabi/lib/armv7e-m/fpu/libg.a(lib_a-sprintf.o)
                0x08006e94                sprintf
 .text.sulp     0x08006ee0       0x40 /usr/local/gcc-arm-none-eabi-4_9-2014q4/bin/../lib/gcc/arm-none-eabi/4.9.3/../../../../arm-none-eabi/lib/armv7e-m/fpu/libg.a(lib_a-strtod.o)
 .text._strtod_r
                0x08006f20      0xf50 /usr/local/gcc-arm-none-eabi-4_9-2014q4/bin/../lib/gcc/arm-none-eabi/4.9.3/../../../../arm-none-eabi/lib/armv7e-m/fpu/libg.a(lib_a-strtod.o)
                0x08006f20                _strtod_r
 .text._strtol_r
                0x08007e70      0x11c /usr/local/gcc-arm-none-eabi-4_9-2014q4/bin/../lib/gcc/arm-none-eabi/4.9.3/../../../../arm-none-eabi/lib/armv7e-m/fpu/libg.a(lib_a-strtol.o)
                0x08007e70                _strtol_r
 .text._strtoll_r
                0x08007f8c      0x1cc /usr/local/gcc-arm-none-eabi-4_9-2014q4/bin/../lib/gcc/arm-none-eabi/4.9.3/../../../../arm-none-eabi/lib/armv7e-m/fpu/libg.a(lib_a-strtoll_r.o)
                0x08007f8c                _strtoll_r
 .text._strtoul_r
                0x08008158      0x128 /usr/local/gcc-arm-none-eabi-4_9-2014q4/bin/../lib/gcc/arm-none-eabi/4.9.3/../../../../arm-none-eabi/lib/armv7e-m/fpu/libg.a(lib_a-strtoul.o)
                0x08008158                _strtoul_r
 .text._strtoull_r
                0x08008280      0x1d8 /usr/local/gcc-arm-none-eabi-4_9-2014q4/bin/../lib/gcc/arm-none-eabi/4.9.3/../../../../arm-none-eabi/lib/armv7e-m/fpu/libg.a(lib_a-strtoull_r.o)
                0x08008280                _strtoull_r
 .text._sungetc_r
                0x08008458       0x88 /usr/local/gcc-arm-none-eabi-4_9-2014q4/bin/../lib/gcc/arm-none-eabi/4.9.3/../../../../arm-none-eabi/lib/armv7e-m/fpu/libg.a(lib_a-svfiscanf.o)
                0x08008458                _sungetc_r
 .text.__ssrefill_r
                0x080084e0       0x3c /usr/local/gcc-arm-none-eabi-4_9-2014q4/bin/../lib/gcc/arm-none-eabi/4.9.3/../../../../arm-none-eabi/lib/armv7e-m/fpu/libg.a(lib_a-svfiscanf.o)
                0x080084e0                __ssrefill_r
 .text._sfread_r
                0x0800851c       0x80 /usr/local/gcc-arm-none-eabi-4_9-2014q4/bin/../lib/gcc/arm-none-eabi/4.9.3/../../../../arm-none-eabi/lib/armv7e-m/fpu/libg.a(lib_a-svfiscanf.o)
                0x0800851c                _sfread_r
 *fill*         0x0800859c        0x4 
 .text._svfprintf_r
                0x080085a0     0x14d0 /usr/local/gcc-arm-none-eabi-4_9-2014q4/bin/../lib/gcc/arm-none-eabi/4.9.3/../../../../arm-none-eabi/lib/armv7e-m/fpu/libg.a(lib_a-svfprintf.o)
                0x080085a0                _svfprintf_r
 .text.__submore
                0x08009a70       0x78 /usr/local/gcc-arm-none-eabi-4_9-2014q4/bin/../lib/gcc/arm-none-eabi/4.9.3/../../../../arm-none-eabi/lib/armv7e-m/fpu/libg.a(lib_a-ungetc.o)
                0x08009a70                __submore
 .text.__sprint_r.part.0
                0x08009ae8       0x78 /usr/local/gcc-arm-none-eabi-4_9-2014q4/bin/../lib/gcc/arm-none-eabi/4.9.3/../../../../arm-none-eabi/lib/armv7e-m/fpu/libg.a(lib_a-vfiprintf.o)
 .text.__sprint_r
                0x08009b60       0x18 /usr/local/gcc-arm-none-eabi-4_9-2014q4/bin/../lib/gcc/arm-none-eabi/4.9.3/../../../../arm-none-eabi/lib/armv7e-m/fpu/libg.a(lib_a-vfiprintf.o)
                0x08009b60                __sprint_r
 .text.__register_exitproc
                0x08009b78       0xa4 /usr/local/gcc-arm-none-eabi-4_9-2014q4/bin/../lib/gcc/arm-none-eabi/4.9.3/../../../../arm-none-eabi/lib/armv7e-m/fpu/libg.a(lib_a-__atexit.o)
                0x08009b78                __register_exitproc
 .text._calloc_r
                0x08009c1c       0x60 /usr/local/gcc-arm-none-eabi-4_9-2014q4/bin/../lib/gcc/arm-none-eabi/4.9.3/../../../../arm-none-eabi/lib/armv7e-m/fpu/libg.a(lib_a-callocr.o)
                0x08009c1c                _calloc_r
 .text._fputwc_r
                0x08009c7c       0xc4 /usr/local/gcc-arm-none-eabi-4_9-2014q4/bin/../lib/gcc/arm-none-eabi/4.9.3/../../../../arm-none-eabi/lib/armv7e-m/fpu/libg.a(lib_a-fputwc.o)
                0x08009c7c                _fputwc_r
 .text._fstat_r
                0x08009d40       0x28 /usr/local/gcc-arm-none-eabi-4_9-2014q4/bin/../lib/gcc/arm-none-eabi/4.9.3/../../../../arm-none-eabi/lib/armv7e-m/fpu/libg.a(lib_a-fstatr.o)
                0x08009d40                _fstat_r
 .text.__sfvwrite_r
                0x08009d68      0x318 /usr/local/gcc-arm-none-eabi-4_9-2014q4/bin/../lib/gcc/arm-none-eabi/4.9.3/../../../../arm-none-eabi/lib/armv7e-m/fpu/libg.a(lib_a-fvwrite.o)
                0x08009d68                __sfvwrite_r
 .text.rshift   0x0800a080       0xa0 /usr/local/gcc-arm-none-eabi-4_9-2014q4/bin/../lib/gcc/arm-none-eabi/4.9.3/../../../../arm-none-eabi/lib/armv7e-m/fpu/libg.a(lib_a-gdtoa-gethex.o)
 .text.__gethex
                0x0800a120      0x514 /usr/local/gcc-arm-none-eabi-4_9-2014q4/bin/../lib/gcc/arm-none-eabi/4.9.3/../../../../arm-none-eabi/lib/armv7e-m/fpu/libg.a(lib_a-gdtoa-gethex.o)
                0x0800a120                __gethex
 .text.__hexnan
                0x0800a634      0x184 /usr/local/gcc-arm-none-eabi-4_9-2014q4/bin/../lib/gcc/arm-none-eabi/4.9.3/../../../../arm-none-eabi/lib/armv7e-m/fpu/libg.a(lib_a-gdtoa-hexnan.o)
                0x0800a634                __hexnan
 .text._isatty_r
                0x0800a7b8       0x24 /usr/local/gcc-arm-none-eabi-4_9-2014q4/bin/../lib/gcc/arm-none-eabi/4.9.3/../../../../arm-none-eabi/lib/armv7e-m/fpu/libg.a(lib_a-isattyr.o)
                0x0800a7b8                _isatty_r
 .text.memmove  0x0800a7dc       0xc8 /usr/local/gcc-arm-none-eabi-4_9-2014q4/bin/../lib/gcc/arm-none-eabi/4.9.3/../../../../arm-none-eabi/lib/armv7e-m/fpu/libg.a(lib_a-memmove.o)
                0x0800a7dc                memmove
 .text._realloc_r
                0x0800a8a4      0x3ec /usr/local/gcc-arm-none-eabi-4_9-2014q4/bin/../lib/gcc/arm-none-eabi/4.9.3/../../../../arm-none-eabi/lib/armv7e-m/fpu/libg.a(lib_a-reallocr.o)
                0x0800a8a4                _realloc_r
 .text.strncmp  0x0800ac90       0x98 /usr/local/gcc-arm-none-eabi-4_9-2014q4/bin/../lib/gcc/arm-none-eabi/4.9.3/../../../../arm-none-eabi/lib/armv7e-m/fpu/libg.a(lib_a-strncmp.o)
                0x0800ac90                strncmp
 .text.__ssprint_r
                0x0800ad28      0x104 /usr/local/gcc-arm-none-eabi-4_9-2014q4/bin/../lib/gcc/arm-none-eabi/4.9.3/../../../../arm-none-eabi/lib/armv7e-m/fpu/libg.a(lib_a-svfiprintf.o)
                0x0800ad28                __ssprint_r
 .text.__swbuf_r
                0x0800ae2c       0xa8 /usr/local/gcc-arm-none-eabi-4_9-2014q4/bin/../lib/gcc/arm-none-eabi/4.9.3/../../../../arm-none-eabi/lib/armv7e-m/fpu/libg.a(lib_a-wbuf.o)
                0x0800ae2c                __swbuf_r
 .text._wcrtomb_r
                0x0800aed4       0x54 /usr/local/gcc-arm-none-eabi-4_9-2014q4/bin/../lib/gcc/arm-none-eabi/4.9.3/../../../../arm-none-eabi/lib/armv7e-m/fpu/libg.a(lib_a-wcrtomb.o)
                0x0800aed4                _wcrtomb_r
 .text.__ascii_wctomb
                0x0800af28       0x1c /usr/local/gcc-arm-none-eabi-4_9-2014q4/bin/../lib/gcc/arm-none-eabi/4.9.3/../../../../arm-none-eabi/lib/armv7e-m/fpu/libg.a(lib_a-wctomb_r.o)
                0x0800af28                __ascii_wctomb
 .text          0x0800af44      0x370 /usr/local/gcc-arm-none-eabi-4_9-2014q4/bin/../lib/gcc/arm-none-eabi/4.9.3/armv7e-m/fpu/libgcc.a(_arm_addsubdf3.o)
                0x0800af44                __aeabi_drsub
                0x0800af4c                __aeabi_dsub
                0x0800af4c                __subdf3
                0x0800af50                __adddf3
                0x0800af50                __aeabi_dadd
                0x0800b1c8                __aeabi_ui2d
                0x0800b1c8                __floatunsidf
                0x0800b1e8                __floatsidf
                0x0800b1e8                __aeabi_i2d
                0x0800b20c                __extendsfdf2
                0x0800b20c                __aeabi_f2d
                0x0800b248                __aeabi_ul2d
                0x0800b248                __floatundidf
                0x0800b258                __floatdidf
                0x0800b258                __aeabi_l2d
 .text          0x0800b2b4      0x424 /usr/local/gcc-arm-none-eabi-4_9-2014q4/bin/../lib/gcc/arm-none-eabi/4.9.3/armv7e-m/fpu/libgcc.a(_arm_muldivdf3.o)
                0x0800b2b4                __aeabi_dmul
                0x0800b2b4                __muldf3
                0x0800b508                __aeabi_ddiv
                0x0800b508                __divdf3
 .text          0x0800b6d8      0x110 /usr/local/gcc-arm-none-eabi-4_9-2014q4/bin/../lib/gcc/arm-none-eabi/4.9.3/armv7e-m/fpu/libgcc.a(_arm_cmpdf2.o)
                0x0800b6d8                __gtdf2
                0x0800b6d8                __gedf2
                0x0800b6e0                __ltdf2
                0x0800b6e0                __ledf2
                0x0800b6e8                __cmpdf2
                0x0800b6e8                __eqdf2
                0x0800b6e8                __nedf2
                0x0800b764                __aeabi_cdrcmple
                0x0800b774                __aeabi_cdcmple
                0x0800b774                __aeabi_cdcmpeq
                0x0800b784                __aeabi_dcmpeq
                0x0800b798                __aeabi_dcmplt
                0x0800b7ac                __aeabi_dcmple
                0x0800b7c0                __aeabi_dcmpge
                0x0800b7d4                __aeabi_dcmpgt
 .text          0x0800b7e8       0x50 /usr/local/gcc-arm-none-eabi-4_9-2014q4/bin/../lib/gcc/arm-none-eabi/4.9.3/armv7e-m/fpu/libgcc.a(_arm_fixdfsi.o)
                0x0800b7e8                __fixdfsi
                0x0800b7e8                __aeabi_d2iz
 .text          0x0800b838       0x40 /usr/local/gcc-arm-none-eabi-4_9-2014q4/bin/../lib/gcc/arm-none-eabi/4.9.3/armv7e-m/fpu/libgcc.a(_arm_fixunsdfsi.o)
                0x0800b838                __fixunsdfsi
                0x0800b838                __aeabi_d2uiz
 .text          0x0800b878       0xa0 /usr/local/gcc-arm-none-eabi-4_9-2014q4/bin/../lib/gcc/arm-none-eabi/4.9.3/armv7e-m/fpu/libgcc.a(_arm_truncdfsf2.o)
                0x0800b878                __aeabi_d2f
                0x0800b878                __truncdfsf2
 .text          0x0800b918       0x2c /usr/local/gcc-arm-none-eabi-4_9-2014q4/bin/../lib/gcc/arm-none-eabi/4.9.3/armv7e-m/fpu/libgcc.a(_aeabi_uldivmod.o)
                0x0800b918                __aeabi_uldivmod
 .text          0x0800b944       0x60 /usr/local/gcc-arm-none-eabi-4_9-2014q4/bin/../lib/gcc/arm-none-eabi/4.9.3/armv7e-m/fpu/libgcc.a(bpabi.o)
                0x0800b944                __gnu_ldivmod_helper
                0x0800b974                __gnu_uldivmod_helper
 .text          0x0800b9a4        0x4 /usr/local/gcc-arm-none-eabi-4_9-2014q4/bin/../lib/gcc/arm-none-eabi/4.9.3/armv7e-m/fpu/libgcc.a(_dvmd_tls.o)
                0x0800b9a4                __aeabi_ldiv0
                0x0800b9a4                __aeabi_idiv0
 .text          0x0800b9a8      0x29c /usr/local/gcc-arm-none-eabi-4_9-2014q4/bin/../lib/gcc/arm-none-eabi/4.9.3/armv7e-m/fpu/libgcc.a(_divdi3.o)
                0x0800b9a8                __divdi3
 .text          0x0800bc44      0x26c /usr/local/gcc-arm-none-eabi-4_9-2014q4/bin/../lib/gcc/arm-none-eabi/4.9.3/armv7e-m/fpu/libgcc.a(_udivdi3.o)
                0x0800bc44                __udivdi3
 *(.rodata .rodata.* .constdata .constdata.*)
 .rodata        0x0800beb0       0x3c ./src/main.o
 .rodata.GPIO_PIN
                0x0800beec        0x8 ./src/stm32f4_discovery.o
                0x0800beec                GPIO_PIN
 .rodata.GPIO_CLK
                0x0800bef4       0x10 ./src/stm32f4_discovery.o
                0x0800bef4                GPIO_CLK
 .rodata        0x0800bf04       0x1c ./src/syscalls.o
 .rodata.str1.4
                0x0800bf20        0x2 /usr/local/gcc-arm-none-eabi-4_9-2014q4/bin/../lib/gcc/arm-none-eabi/4.9.3/../../../../arm-none-eabi/lib/armv7e-m/fpu/libg.a(lib_a-impure.o)
                                  0x4 (size before relaxing)
 *fill*         0x0800bf22        0x2 
 .rodata._global_impure_ptr
                0x0800bf24        0x4 /usr/local/gcc-arm-none-eabi-4_9-2014q4/bin/../lib/gcc/arm-none-eabi/4.9.3/../../../../arm-none-eabi/lib/armv7e-m/fpu/libg.a(lib_a-impure.o)
                0x0800bf24                _global_impure_ptr
 .rodata.str1.4
                0x0800bf28        0x5 /usr/local/gcc-arm-none-eabi-4_9-2014q4/bin/../lib/gcc/arm-none-eabi/4.9.3/../../../../arm-none-eabi/lib/armv7e-m/fpu/libg.a(lib_a-svfscanf.o)
                                  0x8 (size before relaxing)
 *fill*         0x0800bf2d        0x3 
 .rodata.basefix.6746
                0x0800bf30       0x24 /usr/local/gcc-arm-none-eabi-4_9-2014q4/bin/../lib/gcc/arm-none-eabi/4.9.3/../../../../arm-none-eabi/lib/armv7e-m/fpu/libg.a(lib_a-svfscanf.o)
 .rodata.zeroes.6810
                0x0800bf54       0x10 /usr/local/gcc-arm-none-eabi-4_9-2014q4/bin/../lib/gcc/arm-none-eabi/4.9.3/../../../../arm-none-eabi/lib/armv7e-m/fpu/libg.a(lib_a-vfprintf.o)
 .rodata.str1.4
                0x0800bf64       0x42 /usr/local/gcc-arm-none-eabi-4_9-2014q4/bin/../lib/gcc/arm-none-eabi/4.9.3/../../../../arm-none-eabi/lib/armv7e-m/fpu/libg.a(lib_a-vfprintf.o)
                                 0x44 (size before relaxing)
 *fill*         0x0800bfa6        0x2 
 .rodata.blanks.6809
                0x0800bfa8       0x10 /usr/local/gcc-arm-none-eabi-4_9-2014q4/bin/../lib/gcc/arm-none-eabi/4.9.3/../../../../arm-none-eabi/lib/armv7e-m/fpu/libg.a(lib_a-vfprintf.o)
 .rodata._ctype_
                0x0800bfb8      0x104 /usr/local/gcc-arm-none-eabi-4_9-2014q4/bin/../lib/gcc/arm-none-eabi/4.9.3/../../../../arm-none-eabi/lib/armv7e-m/fpu/libg.a(lib_a-ctype_.o)
                0x0800bfb8                _ctype_
 .rodata.str1.4
                0x0800c0bc       0x10 /usr/local/gcc-arm-none-eabi-4_9-2014q4/bin/../lib/gcc/arm-none-eabi/4.9.3/../../../../arm-none-eabi/lib/armv7e-m/fpu/libg.a(lib_a-dtoa.o)
                                 0x14 (size before relaxing)
 .rodata.str1.4
                0x0800c0cc        0xa /usr/local/gcc-arm-none-eabi-4_9-2014q4/bin/../lib/gcc/arm-none-eabi/4.9.3/../../../../arm-none-eabi/lib/armv7e-m/fpu/libg.a(lib_a-locale.o)
                                 0x14 (size before relaxing)
 .rodata.str1.4
                0x00000000        0x4 /usr/local/gcc-arm-none-eabi-4_9-2014q4/bin/../lib/gcc/arm-none-eabi/4.9.3/../../../../arm-none-eabi/lib/armv7e-m/fpu/libg.a(lib_a-mbrtowc.o)
 *fill*         0x0800c0d6        0x2 
 .rodata.__mprec_tens
                0x0800c0d8       0xc8 /usr/local/gcc-arm-none-eabi-4_9-2014q4/bin/../lib/gcc/arm-none-eabi/4.9.3/../../../../arm-none-eabi/lib/armv7e-m/fpu/libg.a(lib_a-mprec.o)
                0x0800c0d8                __mprec_tens
 .rodata.__mprec_bigtens
                0x0800c1a0       0x28 /usr/local/gcc-arm-none-eabi-4_9-2014q4/bin/../lib/gcc/arm-none-eabi/4.9.3/../../../../arm-none-eabi/lib/armv7e-m/fpu/libg.a(lib_a-mprec.o)
                0x0800c1a0                __mprec_bigtens
 .rodata.p05.5265
                0x0800c1c8        0xc /usr/local/gcc-arm-none-eabi-4_9-2014q4/bin/../lib/gcc/arm-none-eabi/4.9.3/../../../../arm-none-eabi/lib/armv7e-m/fpu/libg.a(lib_a-mprec.o)
 .rodata.fpi.5234
                0x0800c1d4       0x14 /usr/local/gcc-arm-none-eabi-4_9-2014q4/bin/../lib/gcc/arm-none-eabi/4.9.3/../../../../arm-none-eabi/lib/armv7e-m/fpu/libg.a(lib_a-strtod.o)
 .rodata.fpinan.5270
                0x0800c1e8       0x14 /usr/local/gcc-arm-none-eabi-4_9-2014q4/bin/../lib/gcc/arm-none-eabi/4.9.3/../../../../arm-none-eabi/lib/armv7e-m/fpu/libg.a(lib_a-strtod.o)
 .rodata.str1.4
                0x0800c1fc       0x10 /usr/local/gcc-arm-none-eabi-4_9-2014q4/bin/../lib/gcc/arm-none-eabi/4.9.3/../../../../arm-none-eabi/lib/armv7e-m/fpu/libg.a(lib_a-strtod.o)
 *fill*         0x0800c20c        0x4 
 .rodata.tinytens
                0x0800c210       0x28 /usr/local/gcc-arm-none-eabi-4_9-2014q4/bin/../lib/gcc/arm-none-eabi/4.9.3/../../../../arm-none-eabi/lib/armv7e-m/fpu/libg.a(lib_a-strtod.o)
 .rodata.blanks.6794
                0x0800c238       0x10 /usr/local/gcc-arm-none-eabi-4_9-2014q4/bin/../lib/gcc/arm-none-eabi/4.9.3/../../../../arm-none-eabi/lib/armv7e-m/fpu/libg.a(lib_a-svfprintf.o)
 .rodata.str1.4
                0x00000000       0x44 /usr/local/gcc-arm-none-eabi-4_9-2014q4/bin/../lib/gcc/arm-none-eabi/4.9.3/../../../../arm-none-eabi/lib/armv7e-m/fpu/libg.a(lib_a-svfprintf.o)
 .rodata.zeroes.6795
                0x0800c248       0x10 /usr/local/gcc-arm-none-eabi-4_9-2014q4/bin/../lib/gcc/arm-none-eabi/4.9.3/../../../../arm-none-eabi/lib/armv7e-m/fpu/libg.a(lib_a-svfprintf.o)
 .rodata.__hexdig
                0x0800c258      0x100 /usr/local/gcc-arm-none-eabi-4_9-2014q4/bin/../lib/gcc/arm-none-eabi/4.9.3/../../../../arm-none-eabi/lib/armv7e-m/fpu/libg.a(lib_a-gdtoa-gethex.o)
                0x0800c258                __hexdig
 *(vtable)
 *(.eh_frame*)
 .eh_frame      0x0800c358        0x0 /usr/local/gcc-arm-none-eabi-4_9-2014q4/bin/../lib/gcc/arm-none-eabi/4.9.3/armv7e-m/fpu/crtbegin.o
 .eh_frame      0x0800c358        0x0 /usr/local/gcc-arm-none-eabi-4_9-2014q4/bin/../lib/gcc/arm-none-eabi/4.9.3/../../../../arm-none-eabi/lib/armv7e-m/fpu/libg.a(lib_a-strcmp.o)
                                 0x70 (size before relaxing)
 .eh_frame      0x0800c358        0x4 /usr/local/gcc-arm-none-eabi-4_9-2014q4/bin/../lib/gcc/arm-none-eabi/4.9.3/armv7e-m/fpu/crtend.o
 *(.glue_7)
 .glue_7        0x00000000        0x0 linker stubs
 *(.glue_7t)
 .glue_7t       0x00000000        0x0 linker stubs

.vfp11_veneer   0x0800c35c        0x0
 .vfp11_veneer  0x00000000        0x0 linker stubs

.v4_bx          0x0800c35c        0x0
 .v4_bx         0x00000000        0x0 linker stubs

.iplt           0x0800c35c        0x0
 .iplt          0x00000000        0x0 /usr/local/gcc-arm-none-eabi-4_9-2014q4/bin/../lib/gcc/arm-none-eabi/4.9.3/armv7e-m/fpu/crtbegin.o

.ARM.extab
 *(.ARM.extab* .gnu.linkonce.armextab.*)
                0x0800c35c                . = ALIGN (0x4)
                0x0800c35c                __exidx_start = .

.ARM.exidx      0x0800c35c        0x8
 *(.ARM.exidx* .gnu.linkonce.armexidx.*)
 .ARM.exidx     0x0800c35c        0x8 /usr/local/gcc-arm-none-eabi-4_9-2014q4/bin/../lib/gcc/arm-none-eabi/4.9.3/../../../../arm-none-eabi/lib/armv7e-m/fpu/crt0.o
 .ARM.exidx     0x0800c364        0x0 /usr/local/gcc-arm-none-eabi-4_9-2014q4/bin/../lib/gcc/arm-none-eabi/4.9.3/armv7e-m/fpu/libgcc.a(_divdi3.o)
                                  0x8 (size before relaxing)
 .ARM.exidx     0x0800c364        0x0 /usr/local/gcc-arm-none-eabi-4_9-2014q4/bin/../lib/gcc/arm-none-eabi/4.9.3/armv7e-m/fpu/libgcc.a(_udivdi3.o)
                                  0x8 (size before relaxing)
                0x0800c364                __exidx_end = .

.rel.dyn        0x0800c364        0x0
 .rel.iplt      0x00000000        0x0 /usr/local/gcc-arm-none-eabi-4_9-2014q4/bin/../lib/gcc/arm-none-eabi/4.9.3/armv7e-m/fpu/crtbegin.o
                0x0800c364                . = ALIGN (0x4)
                0x0800c364                _etext = .
                0x0800c364                __etext = .

.data_CCMRAM    0x10000000        0x0 load address 0x0800c364
 FILL mask 0xff
 *(.data.CCMRAM .data.CCMRAM.*)
                0x10000000                . = ALIGN (0x4)
                0x0800c364                _sidata = LOADADDR (.data)

.data           0x20000000      0x8dc load address 0x0800c364
 FILL mask 0xff
                0x20000000                _sdata = .
                0x20000000                __data_start__ = .
 *(.data_begin .data_begin.*)
 *(.data .data.*)
 .data.CCR1_Val
                0x20000000        0x2 ./src/main.o
                0x20000000                CCR1_Val
 .data.CCR2_Val
                0x20000002        0x2 ./src/main.o
                0x20000002                CCR2_Val
 .data.CCR3_Val
                0x20000004        0x2 ./src/main.o
                0x20000004                CCR3_Val
 .data.CCR4_Val
                0x20000006        0x2 ./src/main.o
                0x20000006                CCR4_Val
 .data.GPIO_PORT
                0x20000008       0x10 ./src/stm32f4_discovery.o
                0x20000008                GPIO_PORT
 .data.COM_USART
                0x20000018        0x4 ./src/stm32f4_discovery.o
                0x20000018                COM_USART
 .data.COM_TX_PORT
                0x2000001c        0x4 ./src/stm32f4_discovery.o
                0x2000001c                COM_TX_PORT
 .data.COM_RX_PORT
                0x20000020        0x4 ./src/stm32f4_discovery.o
                0x20000020                COM_RX_PORT
 .data.SystemCoreClock
                0x20000024        0x4 ./src/system_stm32f4xx.o
                0x20000024                SystemCoreClock
 .data.APBAHBPrescTable
                0x20000028       0x10 ./lib/src/stm32f4xx_rcc.o
 .data.impure_data
                0x20000038      0x428 /usr/local/gcc-arm-none-eabi-4_9-2014q4/bin/../lib/gcc/arm-none-eabi/4.9.3/../../../../arm-none-eabi/lib/armv7e-m/fpu/libg.a(lib_a-impure.o)
 .data._impure_ptr
                0x20000460        0x4 /usr/local/gcc-arm-none-eabi-4_9-2014q4/bin/../lib/gcc/arm-none-eabi/4.9.3/../../../../arm-none-eabi/lib/armv7e-m/fpu/libg.a(lib_a-impure.o)
                0x20000460                _impure_ptr
 .data.__malloc_av_
                0x20000464      0x408 /usr/local/gcc-arm-none-eabi-4_9-2014q4/bin/../lib/gcc/arm-none-eabi/4.9.3/../../../../arm-none-eabi/lib/armv7e-m/fpu/libg.a(lib_a-mallocr.o)
                0x20000464                __malloc_av_
 .data.__malloc_trim_threshold
                0x2000086c        0x4 /usr/local/gcc-arm-none-eabi-4_9-2014q4/bin/../lib/gcc/arm-none-eabi/4.9.3/../../../../arm-none-eabi/lib/armv7e-m/fpu/libg.a(lib_a-mallocr.o)
                0x2000086c                __malloc_trim_threshold
 .data.__malloc_sbrk_base
                0x20000870        0x4 /usr/local/gcc-arm-none-eabi-4_9-2014q4/bin/../lib/gcc/arm-none-eabi/4.9.3/../../../../arm-none-eabi/lib/armv7e-m/fpu/libg.a(lib_a-mallocr.o)
                0x20000870                __malloc_sbrk_base
 .data.__ctype_ptr__
                0x20000874        0x4 /usr/local/gcc-arm-none-eabi-4_9-2014q4/bin/../lib/gcc/arm-none-eabi/4.9.3/../../../../arm-none-eabi/lib/armv7e-m/fpu/libg.a(lib_a-ctype_.o)
                0x20000874                __ctype_ptr__
 .data.lconv    0x20000878       0x38 /usr/local/gcc-arm-none-eabi-4_9-2014q4/bin/../lib/gcc/arm-none-eabi/4.9.3/../../../../arm-none-eabi/lib/armv7e-m/fpu/libg.a(lib_a-locale.o)
 .data.lc_ctype_charset
                0x200008b0       0x20 /usr/local/gcc-arm-none-eabi-4_9-2014q4/bin/../lib/gcc/arm-none-eabi/4.9.3/../../../../arm-none-eabi/lib/armv7e-m/fpu/libg.a(lib_a-locale.o)
 .data.__mb_cur_max
                0x200008d0        0x4 /usr/local/gcc-arm-none-eabi-4_9-2014q4/bin/../lib/gcc/arm-none-eabi/4.9.3/../../../../arm-none-eabi/lib/armv7e-m/fpu/libg.a(lib_a-locale.o)
                0x200008d0                __mb_cur_max
 .data.__mbtowc
                0x200008d4        0x4 /usr/local/gcc-arm-none-eabi-4_9-2014q4/bin/../lib/gcc/arm-none-eabi/4.9.3/../../../../arm-none-eabi/lib/armv7e-m/fpu/libg.a(lib_a-mbtowc_r.o)
                0x200008d4                __mbtowc
 .data.__wctomb
                0x200008d8        0x4 /usr/local/gcc-arm-none-eabi-4_9-2014q4/bin/../lib/gcc/arm-none-eabi/4.9.3/../../../../arm-none-eabi/lib/armv7e-m/fpu/libg.a(lib_a-wctomb_r.o)
                0x200008d8                __wctomb
 *(.data_end .data_end.*)
                0x200008dc                . = ALIGN (0x4)
                0x200008dc                _edata = .
                0x200008dc                __data_end__ = .

.jcr            0x200008dc        0x0 load address 0x0800cc40
 .jcr           0x200008dc        0x0 /usr/local/gcc-arm-none-eabi-4_9-2014q4/bin/../lib/gcc/arm-none-eabi/4.9.3/armv7e-m/fpu/crtbegin.o

.igot.plt       0x200008dc        0x0 load address 0x0800cc40
 .igot.plt      0x00000000        0x0 /usr/local/gcc-arm-none-eabi-4_9-2014q4/bin/../lib/gcc/arm-none-eabi/4.9.3/armv7e-m/fpu/crtbegin.o

.bss_CCMRAM     0x10000000        0x0
 *(.bss.CCMRAM .bss.CCMRAM.*)

.bss            0x200008dc      0x370
                0x200008dc                __bss_start__ = .
                0x200008dc                _sbss = .
 *(.bss_begin .bss_begin.*)
 *(.bss .bss.*)
 .bss           0x200008dc       0x1c /usr/local/gcc-arm-none-eabi-4_9-2014q4/bin/../lib/gcc/arm-none-eabi/4.9.3/armv7e-m/fpu/crtbegin.o
 .bss.capture   0x200008f8        0x2 ./src/stm32f4xx_it.o
                0x200008f8                capture
 *fill*         0x200008fa        0x2 
 .bss.heap_end.9003
                0x200008fc        0x4 ./src/syscalls.o
 .bss.__malloc_max_total_mem
                0x20000900        0x4 /usr/local/gcc-arm-none-eabi-4_9-2014q4/bin/../lib/gcc/arm-none-eabi/4.9.3/../../../../arm-none-eabi/lib/armv7e-m/fpu/libg.a(lib_a-mallocr.o)
                0x20000900                __malloc_max_total_mem
 .bss.__malloc_max_sbrked_mem
                0x20000904        0x4 /usr/local/gcc-arm-none-eabi-4_9-2014q4/bin/../lib/gcc/arm-none-eabi/4.9.3/../../../../arm-none-eabi/lib/armv7e-m/fpu/libg.a(lib_a-mallocr.o)
                0x20000904                __malloc_max_sbrked_mem
 .bss.__malloc_top_pad
                0x20000908        0x4 /usr/local/gcc-arm-none-eabi-4_9-2014q4/bin/../lib/gcc/arm-none-eabi/4.9.3/../../../../arm-none-eabi/lib/armv7e-m/fpu/libg.a(lib_a-mallocr.o)
                0x20000908                __malloc_top_pad
 .bss.__malloc_current_mallinfo
                0x2000090c       0x28 /usr/local/gcc-arm-none-eabi-4_9-2014q4/bin/../lib/gcc/arm-none-eabi/4.9.3/../../../../arm-none-eabi/lib/armv7e-m/fpu/libg.a(lib_a-mallocr.o)
                0x2000090c                __malloc_current_mallinfo
 *(COMMON)
 COMMON         0x20000934      0x102 ./src/cmd.o
                0x20000934                cmd
 *fill*         0x20000a36        0x2 
 COMMON         0x20000a38      0x20e ./src/usart.o
                0x20000a38                rx_buff
                0x20000b40                tx_buff
 *fill*         0x20000c46        0x2 
 COMMON         0x20000c48        0x4 /usr/local/gcc-arm-none-eabi-4_9-2014q4/bin/../lib/gcc/arm-none-eabi/4.9.3/../../../../arm-none-eabi/lib/armv7e-m/fpu/libg.a(lib_a-reent.o)
                0x20000c48                errno
 *(.bss_end .bss_end.*)
                0x20000c4c                . = ALIGN (0x4)
                0x20000c4c                __bss_end__ = .
                0x20000c4c                _ebss = .

.noinit_CCMRAM
 *(.noinit.CCMRAM .noinit.CCMRAM.*)

.noinit         0x20000c4c        0x0
                0x20000c4c                _noinit = .
 *(.noinit .noinit.*)
                0x20000c4c                . = ALIGN (0x4)
                0x20000c4c                _end_noinit = .
                0x20000c4c                PROVIDE (end, _end_noinit)
                0x20000c4c                PROVIDE (_end, _end_noinit)
                0x20000c4c                PROVIDE (__end, _end_noinit)
                0x20000c4c                PROVIDE (__end__, _end_noinit)

._check_stack   0x20000c4c      0x100
                0x20000d4c                . = (. + _Minimum_Stack_Size)
 *fill*         0x20000c4c      0x100 

.b1text
 *(.b1text)
 *(.b1rodata)
 *(.b1rodata.*)

.eb0text
 *(.eb0text)
 *(.eb0rodata)
 *(.eb0rodata.*)

.eb1text
 *(.eb1text)
 *(.eb1rodata)
 *(.eb1rodata.*)

.eb2text
 *(.eb2text)
 *(.eb2rodata)
 *(.eb2rodata.*)

.eb3text
 *(.eb3text)
 *(.eb3rodata)
 *(.eb3rodata.*)

.stab
 *(.stab)

.stabstr
 *(.stabstr)

.stab.excl
 *(.stab.excl)

.stab.exclstr
 *(.stab.exclstr)

.stab.index
 *(.stab.index)

.stab.indexstr
 *(.stab.indexstr)

.comment        0x00000000       0x70
 *(.comment)
 .comment       0x00000000       0x70 ./src/buffer.o
                                 0x71 (size before relaxing)
 .comment       0x00000000       0x71 ./src/cmd.o
 .comment       0x00000000       0x71 ./src/main.o
 .comment       0x00000000       0x71 ./src/stm32f4_discovery.o
 .comment       0x00000000       0x71 ./src/stm32f4xx_it.o
 .comment       0x00000000       0x71 ./src/syscalls.o
 .comment       0x00000000       0x71 ./src/system_stm32f4xx.o
 .comment       0x00000000       0x71 ./src/usart.o
 .comment       0x00000000       0x71 ./lib/src/misc.o
 .comment       0x00000000       0x71 ./lib/src/stm32f4xx_gpio.o
 .comment       0x00000000       0x71 ./lib/src/stm32f4xx_rcc.o
 .comment       0x00000000       0x71 ./lib/src/stm32f4xx_tim.o
 .comment       0x00000000       0x71 ./lib/src/stm32f4xx_usart.o

.ARM.attributes
                0x00000000       0x30
 .ARM.attributes
                0x00000000       0x22 /usr/local/gcc-arm-none-eabi-4_9-2014q4/bin/../lib/gcc/arm-none-eabi/4.9.3/armv7e-m/fpu/crti.o
 .ARM.attributes
                0x00000022       0x34 /usr/local/gcc-arm-none-eabi-4_9-2014q4/bin/../lib/gcc/arm-none-eabi/4.9.3/armv7e-m/fpu/crtbegin.o
 .ARM.attributes
                0x00000056       0x20 /usr/local/gcc-arm-none-eabi-4_9-2014q4/bin/../lib/gcc/arm-none-eabi/4.9.3/../../../../arm-none-eabi/lib/armv7e-m/fpu/crt0.o
 .ARM.attributes
                0x00000076       0x39 ./src/buffer.o
 .ARM.attributes
                0x000000af       0x39 ./src/cmd.o
 .ARM.attributes
                0x000000e8       0x39 ./src/main.o
 .ARM.attributes
                0x00000121       0x21 ./src/startup_stm32f4xx.o
 .ARM.attributes
                0x00000142       0x39 ./src/stm32f4_discovery.o
 .ARM.attributes
                0x0000017b       0x39 ./src/stm32f4xx_it.o
 .ARM.attributes
                0x000001b4       0x39 ./src/syscalls.o
 .ARM.attributes
                0x000001ed       0x39 ./src/system_stm32f4xx.o
 .ARM.attributes
                0x00000226       0x39 ./src/usart.o
 .ARM.attributes
                0x0000025f       0x39 ./lib/src/misc.o
 .ARM.attributes
                0x00000298       0x39 ./lib/src/stm32f4xx_gpio.o
 .ARM.attributes
                0x000002d1       0x39 ./lib/src/stm32f4xx_rcc.o
 .ARM.attributes
                0x0000030a       0x39 ./lib/src/stm32f4xx_tim.o
 .ARM.attributes
                0x00000343       0x39 ./lib/src/stm32f4xx_usart.o
 .ARM.attributes
                0x0000037c       0x34 /usr/local/gcc-arm-none-eabi-4_9-2014q4/bin/../lib/gcc/arm-none-eabi/4.9.3/../../../../arm-none-eabi/lib/armv7e-m/fpu/libg.a(lib_a-exit.o)
 .ARM.attributes
                0x000003b0       0x34 /usr/local/gcc-arm-none-eabi-4_9-2014q4/bin/../lib/gcc/arm-none-eabi/4.9.3/../../../../arm-none-eabi/lib/armv7e-m/fpu/libg.a(lib_a-fflush.o)
 .ARM.attributes
                0x000003e4       0x34 /usr/local/gcc-arm-none-eabi-4_9-2014q4/bin/../lib/gcc/arm-none-eabi/4.9.3/../../../../arm-none-eabi/lib/armv7e-m/fpu/libg.a(lib_a-findfp.o)
 .ARM.attributes
                0x00000418       0x34 /usr/local/gcc-arm-none-eabi-4_9-2014q4/bin/../lib/gcc/arm-none-eabi/4.9.3/../../../../arm-none-eabi/lib/armv7e-m/fpu/libg.a(lib_a-freer.o)
 .ARM.attributes
                0x0000044c       0x34 /usr/local/gcc-arm-none-eabi-4_9-2014q4/bin/../lib/gcc/arm-none-eabi/4.9.3/../../../../arm-none-eabi/lib/armv7e-m/fpu/libg.a(lib_a-fwalk.o)
 .ARM.attributes
                0x00000480       0x34 /usr/local/gcc-arm-none-eabi-4_9-2014q4/bin/../lib/gcc/arm-none-eabi/4.9.3/../../../../arm-none-eabi/lib/armv7e-m/fpu/libg.a(lib_a-impure.o)
 .ARM.attributes
                0x000004b4       0x34 /usr/local/gcc-arm-none-eabi-4_9-2014q4/bin/../lib/gcc/arm-none-eabi/4.9.3/../../../../arm-none-eabi/lib/armv7e-m/fpu/libg.a(lib_a-init.o)
 .ARM.attributes
                0x000004e8       0x34 /usr/local/gcc-arm-none-eabi-4_9-2014q4/bin/../lib/gcc/arm-none-eabi/4.9.3/../../../../arm-none-eabi/lib/armv7e-m/fpu/libg.a(lib_a-mallocr.o)
 .ARM.attributes
                0x0000051c       0x20 /usr/local/gcc-arm-none-eabi-4_9-2014q4/bin/../lib/gcc/arm-none-eabi/4.9.3/../../../../arm-none-eabi/lib/armv7e-m/fpu/libg.a(lib_a-memcpy.o)
 .ARM.attributes
                0x0000053c       0x34 /usr/local/gcc-arm-none-eabi-4_9-2014q4/bin/../lib/gcc/arm-none-eabi/4.9.3/../../../../arm-none-eabi/lib/armv7e-m/fpu/libg.a(lib_a-memset.o)
 .ARM.attributes
                0x00000570       0x34 /usr/local/gcc-arm-none-eabi-4_9-2014q4/bin/../lib/gcc/arm-none-eabi/4.9.3/../../../../arm-none-eabi/lib/armv7e-m/fpu/libg.a(lib_a-mlock.o)
 .ARM.attributes
                0x000005a4       0x34 /usr/local/gcc-arm-none-eabi-4_9-2014q4/bin/../lib/gcc/arm-none-eabi/4.9.3/../../../../arm-none-eabi/lib/armv7e-m/fpu/libg.a(lib_a-printf.o)
 .ARM.attributes
                0x000005d8       0x34 /usr/local/gcc-arm-none-eabi-4_9-2014q4/bin/../lib/gcc/arm-none-eabi/4.9.3/../../../../arm-none-eabi/lib/armv7e-m/fpu/libg.a(lib_a-reent.o)
 .ARM.attributes
                0x0000060c       0x34 /usr/local/gcc-arm-none-eabi-4_9-2014q4/bin/../lib/gcc/arm-none-eabi/4.9.3/../../../../arm-none-eabi/lib/armv7e-m/fpu/libg.a(lib_a-sbrkr.o)
 .ARM.attributes
                0x00000640       0x34 /usr/local/gcc-arm-none-eabi-4_9-2014q4/bin/../lib/gcc/arm-none-eabi/4.9.3/../../../../arm-none-eabi/lib/armv7e-m/fpu/libg.a(lib_a-sscanf.o)
 .ARM.attributes
                0x00000674       0x34 /usr/local/gcc-arm-none-eabi-4_9-2014q4/bin/../lib/gcc/arm-none-eabi/4.9.3/../../../../arm-none-eabi/lib/armv7e-m/fpu/libg.a(lib_a-stdio.o)
 .ARM.attributes
                0x000006a8       0x34 /usr/local/gcc-arm-none-eabi-4_9-2014q4/bin/../lib/gcc/arm-none-eabi/4.9.3/../../../../arm-none-eabi/lib/armv7e-m/fpu/libg.a(lib_a-strlen.o)
 .ARM.attributes
                0x000006dc       0x34 /usr/local/gcc-arm-none-eabi-4_9-2014q4/bin/../lib/gcc/arm-none-eabi/4.9.3/../../../../arm-none-eabi/lib/armv7e-m/fpu/libg.a(lib_a-svfscanf.o)
 .ARM.attributes
                0x00000710       0x34 /usr/local/gcc-arm-none-eabi-4_9-2014q4/bin/../lib/gcc/arm-none-eabi/4.9.3/../../../../arm-none-eabi/lib/armv7e-m/fpu/libg.a(lib_a-vfprintf.o)
 .ARM.attributes
                0x00000744       0x34 /usr/local/gcc-arm-none-eabi-4_9-2014q4/bin/../lib/gcc/arm-none-eabi/4.9.3/../../../../arm-none-eabi/lib/armv7e-m/fpu/libg.a(lib_a-writer.o)
 .ARM.attributes
                0x00000778       0x34 /usr/local/gcc-arm-none-eabi-4_9-2014q4/bin/../lib/gcc/arm-none-eabi/4.9.3/../../../../arm-none-eabi/lib/armv7e-m/fpu/libg.a(lib_a-wsetup.o)
 .ARM.attributes
                0x000007ac       0x34 /usr/local/gcc-arm-none-eabi-4_9-2014q4/bin/../lib/gcc/arm-none-eabi/4.9.3/../../../../arm-none-eabi/lib/armv7e-m/fpu/libg.a(lib_a-__call_atexit.o)
 .ARM.attributes
                0x000007e0       0x34 /usr/local/gcc-arm-none-eabi-4_9-2014q4/bin/../lib/gcc/arm-none-eabi/4.9.3/../../../../arm-none-eabi/lib/armv7e-m/fpu/libg.a(lib_a-atexit.o)
 .ARM.attributes
                0x00000814       0x34 /usr/local/gcc-arm-none-eabi-4_9-2014q4/bin/../lib/gcc/arm-none-eabi/4.9.3/../../../../arm-none-eabi/lib/armv7e-m/fpu/libg.a(lib_a-closer.o)
 .ARM.attributes
                0x00000848       0x34 /usr/local/gcc-arm-none-eabi-4_9-2014q4/bin/../lib/gcc/arm-none-eabi/4.9.3/../../../../arm-none-eabi/lib/armv7e-m/fpu/libg.a(lib_a-ctype_.o)
 .ARM.attributes
                0x0000087c       0x34 /usr/local/gcc-arm-none-eabi-4_9-2014q4/bin/../lib/gcc/arm-none-eabi/4.9.3/../../../../arm-none-eabi/lib/armv7e-m/fpu/libg.a(lib_a-dtoa.o)
 .ARM.attributes
                0x000008b0       0x34 /usr/local/gcc-arm-none-eabi-4_9-2014q4/bin/../lib/gcc/arm-none-eabi/4.9.3/../../../../arm-none-eabi/lib/armv7e-m/fpu/libg.a(lib_a-fclose.o)
 .ARM.attributes
                0x000008e4       0x34 /usr/local/gcc-arm-none-eabi-4_9-2014q4/bin/../lib/gcc/arm-none-eabi/4.9.3/../../../../arm-none-eabi/lib/armv7e-m/fpu/libg.a(lib_a-fini.o)
 .ARM.attributes
                0x00000918       0x34 /usr/local/gcc-arm-none-eabi-4_9-2014q4/bin/../lib/gcc/arm-none-eabi/4.9.3/../../../../arm-none-eabi/lib/armv7e-m/fpu/libg.a(lib_a-iswspace.o)
 .ARM.attributes
                0x0000094c       0x34 /usr/local/gcc-arm-none-eabi-4_9-2014q4/bin/../lib/gcc/arm-none-eabi/4.9.3/../../../../arm-none-eabi/lib/armv7e-m/fpu/libg.a(lib_a-locale.o)
 .ARM.attributes
                0x00000980       0x34 /usr/local/gcc-arm-none-eabi-4_9-2014q4/bin/../lib/gcc/arm-none-eabi/4.9.3/../../../../arm-none-eabi/lib/armv7e-m/fpu/libg.a(lib_a-lseekr.o)
 .ARM.attributes
                0x000009b4       0x34 /usr/local/gcc-arm-none-eabi-4_9-2014q4/bin/../lib/gcc/arm-none-eabi/4.9.3/../../../../arm-none-eabi/lib/armv7e-m/fpu/libg.a(lib_a-makebuf.o)
 .ARM.attributes
                0x000009e8       0x34 /usr/local/gcc-arm-none-eabi-4_9-2014q4/bin/../lib/gcc/arm-none-eabi/4.9.3/../../../../arm-none-eabi/lib/armv7e-m/fpu/libg.a(lib_a-mbrtowc.o)
 .ARM.attributes
                0x00000a1c       0x34 /usr/local/gcc-arm-none-eabi-4_9-2014q4/bin/../lib/gcc/arm-none-eabi/4.9.3/../../../../arm-none-eabi/lib/armv7e-m/fpu/libg.a(lib_a-mbtowc_r.o)
 .ARM.attributes
                0x00000a50       0x34 /usr/local/gcc-arm-none-eabi-4_9-2014q4/bin/../lib/gcc/arm-none-eabi/4.9.3/../../../../arm-none-eabi/lib/armv7e-m/fpu/libg.a(lib_a-memchr.o)
 .ARM.attributes
                0x00000a84       0x34 /usr/local/gcc-arm-none-eabi-4_9-2014q4/bin/../lib/gcc/arm-none-eabi/4.9.3/../../../../arm-none-eabi/lib/armv7e-m/fpu/libg.a(lib_a-mprec.o)
 .ARM.attributes
                0x00000ab8       0x34 /usr/local/gcc-arm-none-eabi-4_9-2014q4/bin/../lib/gcc/arm-none-eabi/4.9.3/../../../../arm-none-eabi/lib/armv7e-m/fpu/libg.a(lib_a-readr.o)
 .ARM.attributes
                0x00000aec       0x34 /usr/local/gcc-arm-none-eabi-4_9-2014q4/bin/../lib/gcc/arm-none-eabi/4.9.3/../../../../arm-none-eabi/lib/armv7e-m/fpu/libg.a(lib_a-s_fpclassify.o)
 .ARM.attributes
                0x00000b20       0x34 /usr/local/gcc-arm-none-eabi-4_9-2014q4/bin/../lib/gcc/arm-none-eabi/4.9.3/../../../../arm-none-eabi/lib/armv7e-m/fpu/libg.a(lib_a-sccl.o)
 .ARM.attributes
                0x00000b54       0x34 /usr/local/gcc-arm-none-eabi-4_9-2014q4/bin/../lib/gcc/arm-none-eabi/4.9.3/../../../../arm-none-eabi/lib/armv7e-m/fpu/libg.a(lib_a-sf_nan.o)
 .ARM.attributes
                0x00000b88       0x34 /usr/local/gcc-arm-none-eabi-4_9-2014q4/bin/../lib/gcc/arm-none-eabi/4.9.3/../../../../arm-none-eabi/lib/armv7e-m/fpu/libg.a(lib_a-sprintf.o)
 .ARM.attributes
                0x00000bbc       0x20 /usr/local/gcc-arm-none-eabi-4_9-2014q4/bin/../lib/gcc/arm-none-eabi/4.9.3/../../../../arm-none-eabi/lib/armv7e-m/fpu/libg.a(lib_a-strcmp.o)
 .ARM.attributes
                0x00000bdc       0x34 /usr/local/gcc-arm-none-eabi-4_9-2014q4/bin/../lib/gcc/arm-none-eabi/4.9.3/../../../../arm-none-eabi/lib/armv7e-m/fpu/libg.a(lib_a-strtod.o)
 .ARM.attributes
                0x00000c10       0x34 /usr/local/gcc-arm-none-eabi-4_9-2014q4/bin/../lib/gcc/arm-none-eabi/4.9.3/../../../../arm-none-eabi/lib/armv7e-m/fpu/libg.a(lib_a-strtol.o)
 .ARM.attributes
                0x00000c44       0x34 /usr/local/gcc-arm-none-eabi-4_9-2014q4/bin/../lib/gcc/arm-none-eabi/4.9.3/../../../../arm-none-eabi/lib/armv7e-m/fpu/libg.a(lib_a-strtoll_r.o)
 .ARM.attributes
                0x00000c78       0x34 /usr/local/gcc-arm-none-eabi-4_9-2014q4/bin/../lib/gcc/arm-none-eabi/4.9.3/../../../../arm-none-eabi/lib/armv7e-m/fpu/libg.a(lib_a-strtoul.o)
 .ARM.attributes
                0x00000cac       0x34 /usr/local/gcc-arm-none-eabi-4_9-2014q4/bin/../lib/gcc/arm-none-eabi/4.9.3/../../../../arm-none-eabi/lib/armv7e-m/fpu/libg.a(lib_a-strtoull_r.o)
 .ARM.attributes
                0x00000ce0       0x34 /usr/local/gcc-arm-none-eabi-4_9-2014q4/bin/../lib/gcc/arm-none-eabi/4.9.3/../../../../arm-none-eabi/lib/armv7e-m/fpu/libg.a(lib_a-svfiscanf.o)
 .ARM.attributes
                0x00000d14       0x34 /usr/local/gcc-arm-none-eabi-4_9-2014q4/bin/../lib/gcc/arm-none-eabi/4.9.3/../../../../arm-none-eabi/lib/armv7e-m/fpu/libg.a(lib_a-svfprintf.o)
 .ARM.attributes
                0x00000d48       0x34 /usr/local/gcc-arm-none-eabi-4_9-2014q4/bin/../lib/gcc/arm-none-eabi/4.9.3/../../../../arm-none-eabi/lib/armv7e-m/fpu/libg.a(lib_a-ungetc.o)
 .ARM.attributes
                0x00000d7c       0x34 /usr/local/gcc-arm-none-eabi-4_9-2014q4/bin/../lib/gcc/arm-none-eabi/4.9.3/../../../../arm-none-eabi/lib/armv7e-m/fpu/libg.a(lib_a-vfiprintf.o)
 .ARM.attributes
                0x00000db0       0x34 /usr/local/gcc-arm-none-eabi-4_9-2014q4/bin/../lib/gcc/arm-none-eabi/4.9.3/../../../../arm-none-eabi/lib/armv7e-m/fpu/libg.a(lib_a-__atexit.o)
 .ARM.attributes
                0x00000de4       0x34 /usr/local/gcc-arm-none-eabi-4_9-2014q4/bin/../lib/gcc/arm-none-eabi/4.9.3/../../../../arm-none-eabi/lib/armv7e-m/fpu/libg.a(lib_a-callocr.o)
 .ARM.attributes
                0x00000e18       0x34 /usr/local/gcc-arm-none-eabi-4_9-2014q4/bin/../lib/gcc/arm-none-eabi/4.9.3/../../../../arm-none-eabi/lib/armv7e-m/fpu/libg.a(lib_a-fputwc.o)
 .ARM.attributes
                0x00000e4c       0x34 /usr/local/gcc-arm-none-eabi-4_9-2014q4/bin/../lib/gcc/arm-none-eabi/4.9.3/../../../../arm-none-eabi/lib/armv7e-m/fpu/libg.a(lib_a-fstatr.o)
 .ARM.attributes
                0x00000e80       0x34 /usr/local/gcc-arm-none-eabi-4_9-2014q4/bin/../lib/gcc/arm-none-eabi/4.9.3/../../../../arm-none-eabi/lib/armv7e-m/fpu/libg.a(lib_a-fvwrite.o)
 .ARM.attributes
                0x00000eb4       0x34 /usr/local/gcc-arm-none-eabi-4_9-2014q4/bin/../lib/gcc/arm-none-eabi/4.9.3/../../../../arm-none-eabi/lib/armv7e-m/fpu/libg.a(lib_a-gdtoa-gethex.o)
 .ARM.attributes
                0x00000ee8       0x34 /usr/local/gcc-arm-none-eabi-4_9-2014q4/bin/../lib/gcc/arm-none-eabi/4.9.3/../../../../arm-none-eabi/lib/armv7e-m/fpu/libg.a(lib_a-gdtoa-hexnan.o)
 .ARM.attributes
                0x00000f1c       0x34 /usr/local/gcc-arm-none-eabi-4_9-2014q4/bin/../lib/gcc/arm-none-eabi/4.9.3/../../../../arm-none-eabi/lib/armv7e-m/fpu/libg.a(lib_a-isattyr.o)
 .ARM.attributes
                0x00000f50       0x34 /usr/local/gcc-arm-none-eabi-4_9-2014q4/bin/../lib/gcc/arm-none-eabi/4.9.3/../../../../arm-none-eabi/lib/armv7e-m/fpu/libg.a(lib_a-memmove.o)
 .ARM.attributes
                0x00000f84       0x34 /usr/local/gcc-arm-none-eabi-4_9-2014q4/bin/../lib/gcc/arm-none-eabi/4.9.3/../../../../arm-none-eabi/lib/armv7e-m/fpu/libg.a(lib_a-reallocr.o)
 .ARM.attributes
                0x00000fb8       0x34 /usr/local/gcc-arm-none-eabi-4_9-2014q4/bin/../lib/gcc/arm-none-eabi/4.9.3/../../../../arm-none-eabi/lib/armv7e-m/fpu/libg.a(lib_a-strncmp.o)
 .ARM.attributes
                0x00000fec       0x34 /usr/local/gcc-arm-none-eabi-4_9-2014q4/bin/../lib/gcc/arm-none-eabi/4.9.3/../../../../arm-none-eabi/lib/armv7e-m/fpu/libg.a(lib_a-svfiprintf.o)
 .ARM.attributes
                0x00001020       0x34 /usr/local/gcc-arm-none-eabi-4_9-2014q4/bin/../lib/gcc/arm-none-eabi/4.9.3/../../../../arm-none-eabi/lib/armv7e-m/fpu/libg.a(lib_a-wbuf.o)
 .ARM.attributes
                0x00001054       0x34 /usr/local/gcc-arm-none-eabi-4_9-2014q4/bin/../lib/gcc/arm-none-eabi/4.9.3/../../../../arm-none-eabi/lib/armv7e-m/fpu/libg.a(lib_a-wcrtomb.o)
 .ARM.attributes
                0x00001088       0x34 /usr/local/gcc-arm-none-eabi-4_9-2014q4/bin/../lib/gcc/arm-none-eabi/4.9.3/../../../../arm-none-eabi/lib/armv7e-m/fpu/libg.a(lib_a-wctomb_r.o)
 .ARM.attributes
                0x000010bc       0x22 /usr/local/gcc-arm-none-eabi-4_9-2014q4/bin/../lib/gcc/arm-none-eabi/4.9.3/armv7e-m/fpu/libgcc.a(_arm_addsubdf3.o)
 .ARM.attributes
                0x000010de       0x22 /usr/local/gcc-arm-none-eabi-4_9-2014q4/bin/../lib/gcc/arm-none-eabi/4.9.3/armv7e-m/fpu/libgcc.a(_arm_muldivdf3.o)
 .ARM.attributes
                0x00001100       0x22 /usr/local/gcc-arm-none-eabi-4_9-2014q4/bin/../lib/gcc/arm-none-eabi/4.9.3/armv7e-m/fpu/libgcc.a(_arm_cmpdf2.o)
 .ARM.attributes
                0x00001122       0x22 /usr/local/gcc-arm-none-eabi-4_9-2014q4/bin/../lib/gcc/arm-none-eabi/4.9.3/armv7e-m/fpu/libgcc.a(_arm_fixdfsi.o)
 .ARM.attributes
                0x00001144       0x22 /usr/local/gcc-arm-none-eabi-4_9-2014q4/bin/../lib/gcc/arm-none-eabi/4.9.3/armv7e-m/fpu/libgcc.a(_arm_fixunsdfsi.o)
 .ARM.attributes
                0x00001166       0x22 /usr/local/gcc-arm-none-eabi-4_9-2014q4/bin/../lib/gcc/arm-none-eabi/4.9.3/armv7e-m/fpu/libgcc.a(_arm_truncdfsf2.o)
 .ARM.attributes
                0x00001188       0x22 /usr/local/gcc-arm-none-eabi-4_9-2014q4/bin/../lib/gcc/arm-none-eabi/4.9.3/armv7e-m/fpu/libgcc.a(_aeabi_uldivmod.o)
 .ARM.attributes
                0x000011aa       0x34 /usr/local/gcc-arm-none-eabi-4_9-2014q4/bin/../lib/gcc/arm-none-eabi/4.9.3/armv7e-m/fpu/libgcc.a(bpabi.o)
 .ARM.attributes
                0x000011de       0x22 /usr/local/gcc-arm-none-eabi-4_9-2014q4/bin/../lib/gcc/arm-none-eabi/4.9.3/armv7e-m/fpu/libgcc.a(_dvmd_tls.o)
 .ARM.attributes
                0x00001200       0x34 /usr/local/gcc-arm-none-eabi-4_9-2014q4/bin/../lib/gcc/arm-none-eabi/4.9.3/armv7e-m/fpu/libgcc.a(_divdi3.o)
 .ARM.attributes
                0x00001234       0x34 /usr/local/gcc-arm-none-eabi-4_9-2014q4/bin/../lib/gcc/arm-none-eabi/4.9.3/armv7e-m/fpu/libgcc.a(_udivdi3.o)
 .ARM.attributes
                0x00001268       0x34 /usr/local/gcc-arm-none-eabi-4_9-2014q4/bin/../lib/gcc/arm-none-eabi/4.9.3/armv7e-m/fpu/crtend.o
 .ARM.attributes
                0x0000129c       0x22 /usr/local/gcc-arm-none-eabi-4_9-2014q4/bin/../lib/gcc/arm-none-eabi/4.9.3/armv7e-m/fpu/crtn.o

.debug
 *(.debug)

.line
 *(.line)

.debug_srcinfo
 *(.debug_srcinfo)

.debug_sfnames
 *(.debug_sfnames)

.debug_aranges  0x00000000      0x920
 *(.debug_aranges)
 .debug_aranges
                0x00000000       0x40 ./src/buffer.o
 .debug_aranges
                0x00000040       0x38 ./src/cmd.o
 .debug_aranges
                0x00000078       0x38 ./src/main.o
 .debug_aranges
                0x000000b0       0x28 ./src/startup_stm32f4xx.o
 .debug_aranges
                0x000000d8       0x50 ./src/stm32f4_discovery.o
 .debug_aranges
                0x00000128       0x70 ./src/stm32f4xx_it.o
 .debug_aranges
                0x00000198       0xa0 ./src/syscalls.o
 .debug_aranges
                0x00000238       0x30 ./src/system_stm32f4xx.o
 .debug_aranges
                0x00000268       0x38 ./src/usart.o
 .debug_aranges
                0x000002a0       0x40 ./lib/src/misc.o
 .debug_aranges
                0x000002e0       0x88 ./lib/src/stm32f4xx_gpio.o
 .debug_aranges
                0x00000368      0x1c0 ./lib/src/stm32f4xx_rcc.o
 .debug_aranges
                0x00000528      0x2f8 ./lib/src/stm32f4xx_tim.o
 .debug_aranges
                0x00000820      0x100 ./lib/src/stm32f4xx_usart.o

.debug_pubnames
 *(.debug_pubnames)

.debug_info     0x00000000     0x7b30
 *(.debug_info .gnu.linkonce.wi.*)
 .debug_info    0x00000000      0x20b ./src/buffer.o
 .debug_info    0x0000020b      0x1ea ./src/cmd.o
 .debug_info    0x000003f5     0x133e ./src/main.o
 .debug_info    0x00001733       0x61 ./src/startup_stm32f4xx.o
 .debug_info    0x00001794      0xb32 ./src/stm32f4_discovery.o
 .debug_info    0x000022c6      0x5ee ./src/stm32f4xx_it.o
 .debug_info    0x000028b4      0x6ca ./src/syscalls.o
 .debug_info    0x00002f7e      0x5c1 ./src/system_stm32f4xx.o
 .debug_info    0x0000353f      0x63c ./src/usart.o
 .debug_info    0x00003b7b      0x545 ./lib/src/misc.o
 .debug_info    0x000040c0      0x60d ./lib/src/stm32f4xx_gpio.o
 .debug_info    0x000046cd      0xe30 ./lib/src/stm32f4xx_rcc.o
 .debug_info    0x000054fd     0x1c69 ./lib/src/stm32f4xx_tim.o
 .debug_info    0x00007166      0x9ca ./lib/src/stm32f4xx_usart.o

.debug_abbrev   0x00000000     0x1475
 *(.debug_abbrev)
 .debug_abbrev  0x00000000       0xec ./src/buffer.o
 .debug_abbrev  0x000000ec      0x122 ./src/cmd.o
 .debug_abbrev  0x0000020e      0x2ea ./src/main.o
 .debug_abbrev  0x000004f8       0x12 ./src/startup_stm32f4xx.o
 .debug_abbrev  0x0000050a      0x1cf ./src/stm32f4_discovery.o
 .debug_abbrev  0x000006d9      0x18e ./src/stm32f4xx_it.o
 .debug_abbrev  0x00000867      0x1aa ./src/syscalls.o
 .debug_abbrev  0x00000a11      0x13b ./src/system_stm32f4xx.o
 .debug_abbrev  0x00000b4c      0x192 ./src/usart.o
 .debug_abbrev  0x00000cde      0x14a ./lib/src/misc.o
 .debug_abbrev  0x00000e28      0x1a8 ./lib/src/stm32f4xx_gpio.o
 .debug_abbrev  0x00000fd0      0x1bf ./lib/src/stm32f4xx_rcc.o
 .debug_abbrev  0x0000118f      0x18c ./lib/src/stm32f4xx_tim.o
 .debug_abbrev  0x0000131b      0x15a ./lib/src/stm32f4xx_usart.o

.debug_line     0x00000000     0x5294
 *(.debug_line)
 .debug_line    0x00000000      0x4b5 ./src/buffer.o
 .debug_line    0x000004b5      0x498 ./src/cmd.o
 .debug_line    0x0000094d      0x5ca ./src/main.o
 .debug_line    0x00000f17       0x7c ./src/startup_stm32f4xx.o
 .debug_line    0x00000f93      0x508 ./src/stm32f4_discovery.o
 .debug_line    0x0000149b      0x63d ./src/stm32f4xx_it.o
 .debug_line    0x00001ad8      0x71a ./src/syscalls.o
 .debug_line    0x000021f2      0x4d7 ./src/system_stm32f4xx.o
 .debug_line    0x000026c9      0x4f2 ./src/usart.o
 .debug_line    0x00002bbb      0x4b0 ./lib/src/misc.o
 .debug_line    0x0000306b      0x5aa ./lib/src/stm32f4xx_gpio.o
 .debug_line    0x00003615      0x8be ./lib/src/stm32f4xx_rcc.o
 .debug_line    0x00003ed3      0xccc ./lib/src/stm32f4xx_tim.o
 .debug_line    0x00004b9f      0x6f5 ./lib/src/stm32f4xx_usart.o

.debug_frame    0x00000000     0x3e68
 *(.debug_frame)
 .debug_frame   0x00000000       0xd8 ./src/buffer.o
 .debug_frame   0x000000d8       0xb0 ./src/cmd.o
 .debug_frame   0x00000188       0xa0 ./src/main.o
 .debug_frame   0x00000228      0x118 ./src/stm32f4_discovery.o
 .debug_frame   0x00000340      0x16c ./src/stm32f4xx_it.o
 .debug_frame   0x000004ac      0x294 ./src/syscalls.o
 .debug_frame   0x00000740       0x7c ./src/system_stm32f4xx.o
 .debug_frame   0x000007bc       0xb4 ./src/usart.o
 .debug_frame   0x00000870       0xd8 ./lib/src/misc.o
 .debug_frame   0x00000948      0x23c ./lib/src/stm32f4xx_gpio.o
 .debug_frame   0x00000b84      0x83c ./lib/src/stm32f4xx_rcc.o
 .debug_frame   0x000013c0      0xe54 ./lib/src/stm32f4xx_tim.o
 .debug_frame   0x00002214      0x490 ./lib/src/stm32f4xx_usart.o
 .debug_frame   0x000026a4       0x28 /usr/local/gcc-arm-none-eabi-4_9-2014q4/bin/../lib/gcc/arm-none-eabi/4.9.3/../../../../arm-none-eabi/lib/armv7e-m/fpu/libg.a(lib_a-exit.o)
 .debug_frame   0x000026cc       0x6c /usr/local/gcc-arm-none-eabi-4_9-2014q4/bin/../lib/gcc/arm-none-eabi/4.9.3/../../../../arm-none-eabi/lib/armv7e-m/fpu/libg.a(lib_a-fflush.o)
 .debug_frame   0x00002738      0x124 /usr/local/gcc-arm-none-eabi-4_9-2014q4/bin/../lib/gcc/arm-none-eabi/4.9.3/../../../../arm-none-eabi/lib/armv7e-m/fpu/libg.a(lib_a-findfp.o)
 .debug_frame   0x0000285c       0x74 /usr/local/gcc-arm-none-eabi-4_9-2014q4/bin/../lib/gcc/arm-none-eabi/4.9.3/../../../../arm-none-eabi/lib/armv7e-m/fpu/libg.a(lib_a-freer.o)
 .debug_frame   0x000028d0       0x54 /usr/local/gcc-arm-none-eabi-4_9-2014q4/bin/../lib/gcc/arm-none-eabi/4.9.3/../../../../arm-none-eabi/lib/armv7e-m/fpu/libg.a(lib_a-fwalk.o)
 .debug_frame   0x00002924       0x2c /usr/local/gcc-arm-none-eabi-4_9-2014q4/bin/../lib/gcc/arm-none-eabi/4.9.3/../../../../arm-none-eabi/lib/armv7e-m/fpu/libg.a(lib_a-init.o)
 .debug_frame   0x00002950       0x58 /usr/local/gcc-arm-none-eabi-4_9-2014q4/bin/../lib/gcc/arm-none-eabi/4.9.3/../../../../arm-none-eabi/lib/armv7e-m/fpu/libg.a(lib_a-mallocr.o)
 .debug_frame   0x000029a8       0x34 /usr/local/gcc-arm-none-eabi-4_9-2014q4/bin/../lib/gcc/arm-none-eabi/4.9.3/../../../../arm-none-eabi/lib/armv7e-m/fpu/libg.a(lib_a-memset.o)
 .debug_frame   0x000029dc       0x30 /usr/local/gcc-arm-none-eabi-4_9-2014q4/bin/../lib/gcc/arm-none-eabi/4.9.3/../../../../arm-none-eabi/lib/armv7e-m/fpu/libg.a(lib_a-mlock.o)
 .debug_frame   0x00002a0c       0x74 /usr/local/gcc-arm-none-eabi-4_9-2014q4/bin/../lib/gcc/arm-none-eabi/4.9.3/../../../../arm-none-eabi/lib/armv7e-m/fpu/libg.a(lib_a-printf.o)
 .debug_frame   0x00002a80       0x58 /usr/local/gcc-arm-none-eabi-4_9-2014q4/bin/../lib/gcc/arm-none-eabi/4.9.3/../../../../arm-none-eabi/lib/armv7e-m/fpu/libg.a(lib_a-reent.o)
 .debug_frame   0x00002ad8       0x2c /usr/local/gcc-arm-none-eabi-4_9-2014q4/bin/../lib/gcc/arm-none-eabi/4.9.3/../../../../arm-none-eabi/lib/armv7e-m/fpu/libg.a(lib_a-sbrkr.o)
 .debug_frame   0x00002b04       0x84 /usr/local/gcc-arm-none-eabi-4_9-2014q4/bin/../lib/gcc/arm-none-eabi/4.9.3/../../../../arm-none-eabi/lib/armv7e-m/fpu/libg.a(lib_a-sscanf.o)
 .debug_frame   0x00002b88       0x88 /usr/local/gcc-arm-none-eabi-4_9-2014q4/bin/../lib/gcc/arm-none-eabi/4.9.3/../../../../arm-none-eabi/lib/armv7e-m/fpu/libg.a(lib_a-stdio.o)
 .debug_frame   0x00002c10       0x20 /usr/local/gcc-arm-none-eabi-4_9-2014q4/bin/../lib/gcc/arm-none-eabi/4.9.3/../../../../arm-none-eabi/lib/armv7e-m/fpu/libg.a(lib_a-strlen.o)
 .debug_frame   0x00002c30       0x70 /usr/local/gcc-arm-none-eabi-4_9-2014q4/bin/../lib/gcc/arm-none-eabi/4.9.3/../../../../arm-none-eabi/lib/armv7e-m/fpu/libg.a(lib_a-svfscanf.o)
 .debug_frame   0x00002ca0       0x90 /usr/local/gcc-arm-none-eabi-4_9-2014q4/bin/../lib/gcc/arm-none-eabi/4.9.3/../../../../arm-none-eabi/lib/armv7e-m/fpu/libg.a(lib_a-vfprintf.o)
 .debug_frame   0x00002d30       0x2c /usr/local/gcc-arm-none-eabi-4_9-2014q4/bin/../lib/gcc/arm-none-eabi/4.9.3/../../../../arm-none-eabi/lib/armv7e-m/fpu/libg.a(lib_a-writer.o)
 .debug_frame   0x00002d5c       0x2c /usr/local/gcc-arm-none-eabi-4_9-2014q4/bin/../lib/gcc/arm-none-eabi/4.9.3/../../../../arm-none-eabi/lib/armv7e-m/fpu/libg.a(lib_a-wsetup.o)
 .debug_frame   0x00002d88       0x50 /usr/local/gcc-arm-none-eabi-4_9-2014q4/bin/../lib/gcc/arm-none-eabi/4.9.3/../../../../arm-none-eabi/lib/armv7e-m/fpu/libg.a(lib_a-__call_atexit.o)
 .debug_frame   0x00002dd8       0x20 /usr/local/gcc-arm-none-eabi-4_9-2014q4/bin/../lib/gcc/arm-none-eabi/4.9.3/../../../../arm-none-eabi/lib/armv7e-m/fpu/libg.a(lib_a-atexit.o)
 .debug_frame   0x00002df8       0x2c /usr/local/gcc-arm-none-eabi-4_9-2014q4/bin/../lib/gcc/arm-none-eabi/4.9.3/../../../../arm-none-eabi/lib/armv7e-m/fpu/libg.a(lib_a-closer.o)
 .debug_frame   0x00002e24       0x88 /usr/local/gcc-arm-none-eabi-4_9-2014q4/bin/../lib/gcc/arm-none-eabi/4.9.3/../../../../arm-none-eabi/lib/armv7e-m/fpu/libg.a(lib_a-dtoa.o)
 .debug_frame   0x00002eac       0x44 /usr/local/gcc-arm-none-eabi-4_9-2014q4/bin/../lib/gcc/arm-none-eabi/4.9.3/../../../../arm-none-eabi/lib/armv7e-m/fpu/libg.a(lib_a-fclose.o)
 .debug_frame   0x00002ef0       0x34 /usr/local/gcc-arm-none-eabi-4_9-2014q4/bin/../lib/gcc/arm-none-eabi/4.9.3/../../../../arm-none-eabi/lib/armv7e-m/fpu/libg.a(lib_a-fini.o)
 .debug_frame   0x00002f24       0x20 /usr/local/gcc-arm-none-eabi-4_9-2014q4/bin/../lib/gcc/arm-none-eabi/4.9.3/../../../../arm-none-eabi/lib/armv7e-m/fpu/libg.a(lib_a-iswspace.o)
 .debug_frame   0x00002f44       0x9c /usr/local/gcc-arm-none-eabi-4_9-2014q4/bin/../lib/gcc/arm-none-eabi/4.9.3/../../../../arm-none-eabi/lib/armv7e-m/fpu/libg.a(lib_a-locale.o)